# SSNIT scan-heavy trace, seed=2, working_set_records=64, scan_records=4000, post_scan_start_index=12000
128
192
512
448
320
640
0
704
384
576
576
320
128
256
320
448
704
3328
576
576
256
704
576
512
128
512
128
640
576
576
256
704
320
640
448
64
1408
640
704
576
0
576
256
1536
128
64
2368
192
512
0
320
384
448
192
512
256
320
576
128
256
640
2368
64
320
3584
576
512
128
1152
2112
448
640
192
128
2368
640
64
64
192
576
320
64
2560
128
704
512
576
384
704
384
448
0
128
256
3392
128
704
384
192
448
448
2048
384
0
448
512
320
448
256
320
384
128
128
2368
192
64
0
192
64
192
384
384
64
1024
64
320
128
832
320
0
576
192
320
320
64
128
256
576
64
256
704
192
256
64
320
384
576
512
128
576
64
320
448
448
2368
384
384
576
3392
384
320
0
320
384
576
448
384
512
3200
704
640
704
192
640
128
576
1664
384
448
192
512
832
640
320
256
640
128
64
448
704
704
512
640
3584
0
576
64
128
384
256
512
3904
192
128
576
384
448
512
704
704
384
384
384
192
704
576
768
192
2368
640
3584
512
704
512
640
576
256
320
320
384
256
704
640
128
2368
64
320
0
2560
64
0
512
384
3840
128
640
256
1280
128
320
128
384
2432
1664
384
704
384
192
128
128
128
0
192
1024
512
384
128
0
3392
64
512
448
256
576
704
576
128
512
3520
192
0
640
64
704
384
3520
256
192
1024
64
512
1536
704
128
64
320
640
320
1600
320
64
256
128
512
0
448
320
384
704
448
576
128
640
704
64
3072
320
512
512
512
384
3200
256
2048
448
128
704
320
128
384
1152
256
640
256
192
0
576
64
576
448
640
384
512
256
448
0
0
3584
384
576
320
512
576
128
320
0
576
0
64
704
576
2368
384
512
704
448
256
64
128
512
64
640
704
192
640
704
640
64
640
640
1984
384
3712
128
320
704
256
3136
64
448
704
3840
576
640
1408
3904
640
384
64
256
640
1984
192
64
448
320
704
384
64
0
704
64
576
640
192
3008
512
256
704
640
704
1280
384
704
128
512
448
384
256
192
128
192
512
64
192
704
128
2752
128
512
640
256
576
768
512
64
2304
448
640
512
448
704
256
320
256
3264
128
576
0
576
320
0
192
320
384
192
320
512
512
64
576
256
640
3520
256
576
64
320
576
0
704
576
512
576
192
320
576
576
704
192
64
384
704
64
704
640
320
64
192
448
192
512
2048
640
3136
384
704
576
320
512
448
512
128
192
384
192
704
384
512
448
448
512
448
2688
448
640
128
576
320
1088
1984
320
64
192
448
768
64
128
256
384
192
0
256
512
1856
448
576
448
576
384
576
640
640
1472
384
128
640
0
0
384
704
320
384
64
0
448
640
256
704
384
2944
512
448
704
0
256
448
704
256
3648
256
0
640
64
128
448
512
448
4032
384
704
192
384
320
576
0
256
640
1664
2368
64
448
576
704
384
448
448
128
3008
384
640
0
0
1024
576
320
448
512
64
704
448
512
704
384
320
448
512
640
0
704
640
0
64
512
384
640
128
128
192
576
384
384
384
0
192
704
256
576
3520
576
512
640
0
384
320
64
128
128
64
0
640
192
320
64
512
576
320
320
640
0
128
448
128
384
576
704
192
448
576
448
640
576
256
384
1984
704
384
128
384
448
448
320
64
448
320
320
0
128
256
640
64
256
64
384
256
320
192
3840
576
704
192
512
512
1600
0
960
128
512
384
1792
0
640
640
192
640
512
448
384
320
64
320
128
576
3840
256
192
128
2752
2432
2048
192
256
512
576
384
128
256
64
512
512
640
640
192
384
704
640
192
128
640
192
128
512
384
320
0
320
3264
576
64
320
384
1664
320
0
384
512
704
512
256
384
384
448
640
640
320
64
128
448
576
576
192
256
256
512
0
640
384
448
704
256
64
256
640
0
704
128
448
512
320
704
448
640
128
640
192
320
64
0
640
64
256
576
2176
128
128
512
1664
128
1536
192
384
704
0
704
128
576
576
1344
320
704
0
576
256
640
64
512
768
640
128
576
2624
448
448
192
64
320
192
128
640
448
448
2048
0
768
320
384
576
128
64
576
256
256
704
64
3008
192
128
512
448
704
256
0
704
704
192
512
320
64
704
448
192
576
64
384
512
576
256
128
640
448
640
704
1024
1920
448
640
128
1472
640
3712
704
640
384
3520
256
512
256
704
448
640
1216
576
64
64
320
256
448
320
704
384
704
704
0
192
256
704
704
64
704
64
128
0
576
256
576
64
0
704
64
2624
384
256
0
128
704
0
512
576
640
384
640
384
576
640
448
2496
384
128
128
192
192
320
1152
512
64
256
512
832
384
448
0
384
704
0
128
64
256
832
448
256
704
640
576
320
256
704
512
3584
640
640
3776
0
64
256
128
256
192
0
320
4032
640
320
2432
448
704
704
512
384
704
320
384
64
128
384
704
384
3520
128
384
448
256
0
512
704
128
64
320
2048
448
0
448
192
192
704
128
256
2432
256
64
256
2368
640
0
576
448
128
512
384
0
384
192
512
128
192
192
64
0
576
3200
704
384
512
704
704
256
512
576
704
1024
384
1280
512
256
256
576
2752
256
192
448
704
1600
192
192
576
576
128
704
640
448
320
384
0
384
320
1216
320
320
1792
640
704
512
640
448
3840
448
256
1408
320
0
640
128
576
64
384
256
192
512
1536
128
3328
640
384
128
3968
640
128
64
128
320
192
2880
64
2816
512
448
192
0
256
64
640
2688
256
320
512
256
448
2624
2560
640
0
576
0
3008
704
448
320
128
1152
64
320
640
320
448
192
640
192
128
448
512
0
512
640
1216
64
576
256
768
704
704
640
256
704
704
192
320
512
320
640
576
384
320
576
576
3520
640
128
448
704
0
64
448
576
640
384
1344
192
256
896
128
192
384
640
512
256
192
64
64
384
1408
192
512
3072
128
0
640
448
512
384
384
576
3200
384
704
576
1600
448
704
704
704
512
448
384
320
320
64
576
64
1024
128
640
704
256
64
64
256
192
0
192
512
2944
512
256
64
64
384
3136
576
448
320
64
256
640
576
128
384
128
1344
704
2240
576
256
704
256
1472
640
320
320
320
576
320
3776
576
576
448
192
0
2560
704
704
64
192
128
192
320
640
256
3584
1024
0
320
448
64
320
3520
64
0
704
192
256
576
576
832
192
0
384
320
192
384
256
384
640
384
704
128
3584
192
64
192
0
128
448
64
64
3904
128
256
320
192
448
704
768
192
64
64
512
512
4032
0
128
256
192
320
704
576
64
704
512
128
640
192
128
576
320
1152
3328
0
192
64
64
512
576
320
0
2368
3840
256
256
256
576
1216
320
0
3712
256
128
64
0
384
640
0
192
192
576
704
640
448
384
640
192
640
576
64
64
1344
320
256
640
192
256
512
320
0
256
64
896
0
192
576
640
1408
192
640
192
192
320
704
320
448
576
192
384
576
64
256
448
384
384
320
320
0
256
64
640
64
320
448
512
384
704
640
640
3776
192
704
320
448
1664
640
0
448
128
576
128
128
704
448
256
0
128
512
1664
384
640
448
1728
2048
576
256
576
1728
384
128
320
576
192
512
640
320
512
64
3520
0
704
384
704
384
0
512
64
4032
256
512
576
1792
640
320
640
192
256
128
384
640
576
576
640
384
0
256
320
256
256
576
64
256
128
512
704
2304
448
576
64
448
192
0
256
192
704
64
256
512
576
640
448
448
64
0
3200
256
2112
256
640
512
0
384
512
2688
192
128
704
640
1152
3968
640
128
128
192
384
384
192
320
576
640
320
448
384
0
512
192
320
0
320
576
384
1216
704
320
256
64
640
512
640
448
704
576
576
64
384
192
384
384
128
128
704
448
0
64
640
0
448
320
704
256
384
448
128
384
576
384
448
512
3776
0
640
1280
576
64
192
192
384
320
576
192
64
384
192
512
3456
256
576
576
256
0
128
384
3968
64
320
192
576
2624
448
384
256
448
0
960
384
384
576
576
448
448
512
0
0
320
128
3008
256
192
448
192
192
448
640
640
64
2432
896
448
704
64
448
2112
0
640
256
512
448
256
1152
640
704
704
512
192
2240
640
512
3776
1216
128
1984
3776
640
640
64
448
384
128
1344
384
3328
320
512
0
256
2112
640
704
192
704
704
128
256
128
128
512
512
0
320
256
512
3136
0
512
192
256
192
448
3072
0
704
192
896
384
512
1728
0
704
2944
0
256
640
128
384
256
64
640
448
128
3072
448
3136
256
384
384
576
704
192
128
3456
128
448
576
1280
320
0
320
384
0
704
128
384
128
384
320
192
128
320
640
128
704
576
512
576
448
192
512
0
3840
320
576
576
1472
64
640
704
576
256
2432
576
704
128
384
384
3968
256
1344
512
384
384
256
1920
64
192
1920
320
384
128
1024
64
192
704
640
320
512
384
128
128
64
192
128
192
128
640
256
0
128
128
576
320
384
0
192
576
64
640
704
320
640
64
192
3840
704
1408
256
384
2752
704
512
128
128
640
256
128
704
128
320
384
704
0
512
3392
448
256
512
0
0
128
384
640
320
384
256
2496
320
2048
192
0
576
0
256
384
128
192
256
1472
256
512
64
512
448
192
576
576
128
576
64
384
2752
640
192
64
448
0
576
576
256
384
3648
1344
64
320
0
128
3968
384
512
64
256
704
3456
256
256
640
128
448
1792
384
0
704
384
256
512
192
128
256
576
256
512
2816
0
320
1216
448
128
576
384
256
576
640
192
1216
2176
192
256
512
704
704
448
0
128
256
704
384
384
192
192
384
512
256
1536
128
192
64
576
256
576
320
256
320
320
3776
0
0
640
640
1408
192
576
320
320
64
1216
3648
256
192
192
448
2944
256
320
256
640
0
448
0
384
576
704
512
448
256
64
640
3072
640
192
512
640
512
640
576
192
3136
1600
64
704
448
384
448
704
192
384
320
320
64
0
512
1984
0
512
0
3904
320
64
64
0
576
448
192
0
576
256
192
128
576
704
384
128
256
320
640
128
0
192
384
0
640
704
0
512
512
128
512
448
128
192
576
1472
2240
0
192
192
320
448
384
192
3904
320
0
704
448
384
192
192
704
0
256
384
384
384
256
256
0
128
128
2688
2688
128
512
512
704
320
384
64
320
0
256
448
512
3136
640
0
384
3072
640
256
320
0
640
256
192
128
448
640
512
3008
2496
704
256
640
576
128
640
640
128
0
320
448
960
320
192
320
0
384
576
640
384
0
64
64
448
320
512
640
4032
704
0
512
64
320
64
448
192
384
128
896
512
512
2176
64
256
2560
0
128
832
576
2624
640
3904
3200
0
192
0
832
704
704
64
192
640
1728
448
448
640
64
384
704
576
384
256
0
576
704
704
576
448
1920
128
576
192
512
576
320
256
64
512
704
64
2944
448
448
128
3584
64
704
512
3520
1024
512
2048
576
320
512
512
320
384
384
64
1344
576
704
192
320
512
256
256
2432
1408
3840
192
704
640
192
640
704
512
64
640
192
128
640
448
640
64
2752
320
128
320
576
384
320
3840
0
512
4032
576
640
576
448
0
192
128
448
128
512
704
2624
64
256
128
448
448
128
64
512
704
192
64
2752
384
128
0
0
256
3968
0
640
576
128
384
384
128
3328
448
0
0
640
128
128
576
1088
576
3840
640
192
384
320
64
2496
0
64
0
256
1344
448
256
512
192
0
512
448
256
128
640
3520
256
576
512
192
512
2880
256
64
512
0
384
704
640
128
704
256
640
128
256
192
128
256
704
576
64
448
1280
576
3904
128
640
0
448
192
512
640
192
1792
576
192
384
448
0
320
384
320
576
704
448
512
3072
0
320
320
576
128
384
64
512
0
256
640
384
384
448
192
704
320
64
192
640
320
320
0
704
640
704
576
512
320
448
128
128
0
448
384
576
1216
0
1280
128
192
256
384
128
640
192
448
384
640
256
64
1024
448
1344
704
448
576
64
0
256
512
128
192
1920
1856
640
320
448
1792
448
704
384
640
576
64
320
2624
704
384
1280
576
704
256
448
320
512
704
2112
384
704
576
704
64
64
2944
3520
128
128
256
320
448
576
384
448
576
448
256
256
1600
576
2624
0
896
256
0
320
2816
192
128
128
512
256
512
1408
0
576
320
704
320
320
64
128
320
192
1408
1152
256
640
64
0
384
64
128
448
256
128
384
576
1536
640
640
128
192
576
320
256
320
192
192
512
256
128
128
512
0
3200
640
320
256
704
320
192
3840
256
64
64
128
1536
256
256
256
64
128
192
640
0
256
128
4032
448
512
512
512
64
576
64
384
448
256
320
512
640
704
320
320
704
512
704
128
576
2112
64
576
128
448
2688
128
128
192
256
640
320
704
192
128
960
128
2432
512
0
128
448
576
704
2496
640
448
640
704
0
704
512
384
512
576
0
448
576
64
1600
640
2688
320
448
0
128
640
192
64
64
448
576
448
704
576
576
128
512
1600
576
512
2816
2304
704
64
384
576
0
64
576
512
128
704
512
384
192
192
512
704
640
640
0
64
384
384
640
192
256
64
320
0
256
384
512
704
256
1664
3264
0
64
64
640
1408
64
576
192
192
128
704
320
64
0
256
640
3712
192
256
128
384
448
704
704
256
320
448
640
128
704
2624
768
64
128
448
128
256
64
576
384
512
192
192
576
448
704
384
640
320
512
384
1024
448
704
704
1408
64
640
512
640
0
192
64
0
704
3200
384
0
3072
448
0
640
256
0
192
448
512
1408
0
704
384
320
448
3648
320
64
128
3584
64
640
512
192
0
512
640
1216
320
128
64
704
576
128
128
64
0
0
320
128
0
192
576
320
512
320
640
384
128
448
384
192
1536
704
1792
704
0
2816
64
1920
512
320
640
640
256
448
192
128
192
256
1408
384
0
512
64
320
704
128
64
128
256
192
128
384
384
320
704
512
512
576
128
512
704
704
192
192
640
64
64
576
640
576
0
384
640
128
64
192
0
512
512
0
256
1664
320
64
576
512
576
2816
64
0
0
384
320
448
640
704
640
128
256
640
256
576
1472
64
512
640
320
0
128
384
384
320
384
256
384
128
0
256
64
448
192
320
256
128
0
64
256
640
320
512
576
256
384
3264
1984
128
128
1408
1152
192
64
384
256
704
64
3264
192
3648
0
448
256
384
256
384
704
2880
448
320
1792
448
192
384
0
64
384
128
2560
0
576
128
320
384
512
128
512
320
576
1600
0
384
128
256
512
640
832
1536
256
640
0
576
256
704
576
128
3392
512
512
256
64
384
64
448
256
576
704
640
512
576
576
64
256
576
704
3520
64
448
512
384
576
512
64
0
256
0
320
3776
192
0
640
3584
64
512
64
4032
1152
576
640
640
448
448
192
256
192
64
192
192
192
128
0
128
0
256
640
448
576
2496
448
512
576
320
384
640
512
256
256
960
576
192
2368
2112
64
64
640
640
128
384
320
576
3136
384
3904
384
0
2048
3968
576
2048
512
576
192
64
0
0
1024
3840
704
384
640
0
192
448
128
3520
64
64
256
384
576
64
256
704
576
448
448
192
128
384
576
384
1856
3584
448
448
4032
320
384
384
384
256
128
256
512
384
256
256
192
704
640
2880
0
576
192
256
256
192
192
192
1152
64
704
384
3456
512
640
3584
640
512
448
704
2240
64
384
640
64
256
448
512
448
320
64
448
2176
704
448
320
64
2432
256
320
704
448
192
2176
192
2880
256
1216
704
192
1472
192
576
2304
0
1472
192
192
3648
448
0
64
448
576
704
3904
320
2880
704
576
320
384
384
192
448
256
192
448
448
0
2112
64
768
704
640
256
704
384
0
320
448
1920
448
0
0
192
64
1984
4032
384
1728
0
320
64
512
192
576
640
0
256
0
256
2496
576
64
192
3904
448
640
320
256
256
256
64
640
640
512
128
576
576
448
128
512
320
3712
2752
640
0
256
640
256
64
384
576
384
3264
128
3776
384
3776
512
1600
2752
576
64
320
576
3584
640
640
384
640
576
192
128
0
0
64
448
704
704
320
640
256
512
704
64
896
128
576
384
512
256
128
2688
192
64
576
384
64
256
192
64
512
128
320
640
2304
576
768
320
448
320
0
704
0
384
256
640
512
640
256
384
448
576
512
64
576
320
128
2304
64
512
448
576
256
640
320
640
384
704
640
1536
192
448
704
512
2944
0
1088
320
512
640
320
64
448
64
448
256
576
128
0
2112
0
576
576
320
704
384
576
128
192
320
640
2432
128
0
0
64
448
576
1344
576
320
128
320
0
704
512
0
384
0
512
384
192
448
1280
384
2880
0
384
128
576
704
448
0
512
448
384
3840
0
0
256
192
640
192
704
192
0
384
640
704
256
896
320
384
704
3136
192
256
3072
576
320
768
960
384
128
448
320
192
256
192
128
192
64
640
128
704
128
256
448
576
64
320
576
256
128
448
704
704
128
256
192
192
1728
704
448
192
640
256
640
128
2688
192
512
704
576
448
384
64
640
192
0
64
64
512
512
640
0
256
320
192
1920
704
1536
384
0
704
0
0
576
256
576
3136
576
576
256
64
2752
576
576
512
320
256
448
704
512
64
384
576
576
1152
704
0
128
128
512
2112
640
448
448
704
320
448
64
576
640
448
256
256
576
320
384
320
256
320
128
320
3264
704
640
512
384
192
192
192
64
512
192
320
64
640
448
640
64
128
384
704
320
704
256
512
192
320
2432
192
384
640
320
576
320
3136
3392
512
64
64
576
384
2816
64
2880
3840
576
256
3264
128
128
384
640
576
256
448
512
448
192
192
704
128
320
512
256
3520
1408
448
576
448
192
0
320
640
320
512
256
640
384
0
4032
576
192
640
256
64
320
512
448
640
64
448
192
0
320
192
704
128
384
320
576
128
640
640
320
704
640
704
192
640
192
320
256
128
320
192
576
384
384
384
4032
640
384
512
0
0
64
512
512
128
448
192
64
256
384
256
448
0
512
256
192
3072
2560
448
192
320
448
256
640
384
448
256
1024
64
256
448
64
0
128
704
384
2688
0
640
320
320
256
0
576
3712
576
384
0
0
320
256
640
256
512
3712
64
128
448
192
2816
704
320
576
128
128
0
3392
192
192
3840
640
576
576
640
64
256
0
1600
640
576
512
704
0
320
256
512
704
512
384
0
640
0
384
448
704
704
128
192
320
0
192
0
576
0
256
384
832
64
384
1280
128
320
448
576
64
512
576
1920
128
3840
192
320
192
704
128
128
384
128
704
576
320
256
448
64
64
1408
576
576
320
128
448
640
576
256
576
64
256
576
2112
1728
128
384
64
2560
384
1792
448
704
640
576
448
256
640
64
320
512
192
0
2368
576
640
512
704
64
704
576
64
640
192
640
128
384
384
64
576
64
128
0
640
576
320
704
192
704
448
448
256
448
128
64
448
576
192
256
128
256
576
0
3008
576
320
832
64
0
640
448
64
384
256
1280
128
704
1536
640
192
640
2048
576
704
1152
448
640
1088
256
960
640
128
704
576
1728
448
640
0
704
704
128
320
64
4032
704
576
256
384
1408
1984
192
704
1152
576
512
512
2816
576
384
320
640
192
64
192
448
2816
192
1728
192
192
1024
704
448
640
640
320
384
2176
1152
2496
704
576
0
704
320
320
2816
1856
192
576
704
640
832
448
192
704
448
64
64
320
640
320
512
0
704
192
640
192
256
1024
384
448
320
448
320
384
64
448
704
192
384
640
128
448
128
384
576
704
640
256
192
576
2432
640
576
320
192
512
384
640
384
256
64
640
1600
3456
384
256
256
704
640
384
0
320
576
256
256
192
128
512
64
64
640
384
3968
512
4032
2240
0
192
448
320
384
448
448
704
0
576
0
704
640
640
192
0
448
192
512
384
320
704
1408
384
576
320
1088
512
64
512
704
384
576
4032
576
0
0
2496
384
448
576
3392
64
448
192
576
64
448
320
512
3840
128
704
0
192
0
1088
576
640
640
384
640
64
576
512
704
128
128
128
128
704
384
640
0
128
704
448
320
576
0
576
512
320
192
576
320
192
704
128
576
704
64
0
704
704
384
3584
704
576
0
384
0
704
384
128
704
256
320
192
640
256
704
128
0
576
704
2304
192
448
64
0
320
1984
384
0
640
192
320
320
576
64
704
256
576
128
640
256
640
0
192
256
64
192
704
576
384
256
128
512
192
128
1664
64
192
448
128
1728
128
64
704
512
3456
448
128
384
384
320
640
192
256
704
128
640
128
256
320
3840
448
384
192
640
576
320
704
448
704
3520
64
704
704
192
640
192
0
64
256
0
128
64
512
704
448
256
3008
64
704
2048
256
512
1664
64
384
320
384
384
256
576
0
384
2816
64
64
192
2688
576
512
0
512
128
448
256
704
384
128
1024
640
256
256
512
192
256
576
1472
448
384
704
64
448
448
448
640
512
192
3904
384
512
64
384
640
128
512
256
64
704
2176
1536
704
64
512
320
512
704
576
576
384
0
192
128
640
640
704
256
0
192
256
448
192
256
256
192
704
704
640
256
192
320
0
320
3904
384
256
256
256
576
512
192
640
384
64
320
512
192
640
704
640
704
448
704
448
64
640
0
256
0
128
192
704
448
704
256
448
704
128
0
128
128
512
704
64
128
256
896
1920
0
320
64
384
384
256
320
64
576
320
576
704
192
128
128
0
2880
448
1408
768
640
64
384
640
2112
128
704
256
128
320
128
512
64
704
128
576
384
448
64
704
448
256
256
0
320
128
0
2496
3968
64
2048
1280
512
128
576
704
64
704
3456
384
128
512
512
64
576
128
128
192
320
512
512
128
0
448
0
576
704
64
320
704
448
128
640
320
1856
192
0
576
448
2496
512
64
704
1472
0
384
3200
448
768
256
256
256
1856
192
0
2432
320
128
576
512
64
704
512
320
512
448
128
640
512
704
704
448
64
128
640
640
3072
448
256
576
448
128
0
448
1600
256
576
2496
256
320
128
384
704
128
192
512
128
704
192
448
64
576
256
2560
512
576
64
256
192
512
448
384
640
704
576
640
64
3584
320
256
128
576
0
448
640
384
320
576
256
1024
2048
0
192
704
640
320
1344
640
3584
704
320
192
1408
64
2816
192
128
0
2688
512
448
64
704
0
512
0
64
64
576
448
576
320
704
704
576
2304
64
192
256
128
320
256
384
3584
192
1344
448
1280
576
256
256
0
448
3648
128
3456
384
576
512
64
640
704
0
704
128
256
3776
512
448
2240
256
3904
704
64
64
320
1792
192
576
320
384
704
448
640
320
384
256
320
512
1344
640
320
384
0
0
576
640
192
64
128
384
576
384
192
192
3712
128
320
448
448
512
320
576
64
64
512
1088
128
320
384
64
192
448
256
576
704
704
2112
0
512
512
576
1984
384
384
384
704
3328
640
320
64
192
3840
3456
128
384
0
320
576
2880
384
2944
192
3776
704
640
1088
640
0
192
192
512
0
448
1152
0
320
192
448
640
2432
320
256
2112
320
448
3264
128
320
64
256
640
320
128
576
1728
576
704
320
384
64
640
64
576
256
384
256
256
192
1280
512
2048
448
256
640
448
192
256
256
4032
320
640
448
512
640
3520
512
704
512
128
320
512
64
384
384
128
320
384
512
448
448
64
0
576
2304
704
384
512
1088
320
320
256
3904
0
1408
448
128
2496
0
448
384
384
1728
512
0
512
576
512
64
128
320
320
640
256
512
1792
640
320
640
64
0
384
3328
448
256
640
576
320
0
64
1472
704
320
256
64
640
320
512
2176
512
512
512
704
256
128
704
128
256
512
576
2624
512
512
704
0
320
512
256
384
576
512
0
128
576
192
512
512
576
3328
256
0
384
320
448
64
0
2368
512
256
192
64
640
576
128
192
448
3008
320
384
640
448
1280
448
448
384
64
1792
1472
64
576
640
320
448
0
256
3136
64
256
64
0
256
64
384
0
448
384
448
3968
576
0
192
192
256
0
512
320
448
704
384
64
640
1344
384
640
3392
384
192
448
256
128
256
256
384
0
192
2112
512
512
0
256
704
384
384
320
704
256
192
1536
192
448
256
320
448
448
192
512
384
448
128
128
192
384
0
320
64
64
448
576
192
704
576
128
192
640
64
576
2240
128
512
320
0
320
704
1792
192
64
256
1536
128
704
704
3648
192
64
384
64
2048
704
0
704
512
576
192
1408
0
320
320
320
0
256
704
384
448
384
256
512
64
3968
128
384
64
704
256
128
384
448
192
3904
640
640
64
128
640
640
1856
0
704
0
448
448
576
448
512
512
448
576
448
64
448
448
1792
64
0
3328
0
704
576
3264
512
384
128
192
256
256
320
448
0
64
576
640
704
2752
1216
576
0
448
3968
1280
896
0
576
320
384
512
320
320
704
64
704
192
512
2944
2240
2112
2816
192
320
640
256
192
384
448
128
320
0
384
256
4032
192
64
64
2112
192
704
384
0
640
448
512
640
384
512
320
512
0
384
640
640
0
3968
384
3584
256
704
320
1728
128
704
0
128
512
896
640
576
640
320
640
256
512
384
0
64
0
448
448
512
128
704
704
448
64
256
128
64
2496
192
3968
192
256
704
576
384
256
448
576
1792
64
576
448
576
1216
384
1920
384
256
0
640
2240
3712
576
704
448
640
576
192
1920
320
384
1088
1728
384
0
2944
448
192
128
576
384
448
128
3456
448
128
256
2304
0
640
576
448
2496
448
128
576
576
576
3648
640
256
576
320
128
64
576
576
1344
448
704
0
640
2624
0
256
3904
1536
192
128
448
1600
320
512
384
256
2432
256
512
512
704
576
128
3136
256
576
1280
128
64
576
448
384
640
0
256
448
448
512
192
448
448
704
128
192
512
256
64
640
320
128
576
128
0
640
576
3008
0
576
448
256
0
576
256
512
2432
384
128
0
4032
64
2816
192
3264
64
704
256
0
512
1024
384
384
704
512
384
640
64
704
448
0
64
0
704
128
192
2560
64
384
576
0
192
384
448
320
640
384
256
448
2688
512
384
3008
64
1920
512
128
64
384
512
320
128
384
1728
320
0
0
4032
384
704
192
512
384
576
320
64
1088
3136
128
128
576
640
320
448
512
128
128
64
640
128
128
3904
1216
128
576
4032
1536
64
384
576
3776
64
256
320
704
3456
192
0
3200
512
0
1600
1792
128
576
1216
64
256
0
704
192
320
448
384
448
576
64
704
704
64
704
192
128
384
128
192
128
512
512
192
64
384
640
3456
256
128
448
0
0
320
256
1152
256
384
64
64
384
704
640
192
704
320
448
256
448
384
192
1856
704
576
320
128
128
128
512
64
192
2880
1216
512
0
64
704
128
64
2176
512
0
64
256
576
192
640
512
64
192
704
128
2176
704
4032
448
256
256
2112
64
576
64
512
576
128
576
128
128
64
0
512
256
1536
704
448
0
640
2240
576
2880
128
448
3264
256
384
320
704
640
384
576
1664
640
64
320
128
192
256
256
512
3840
1088
576
448
192
256
384
0
640
704
128
64
448
640
704
128
704
128
192
256
704
0
576
192
512
320
320
512
128
256
384
0
320
320
640
640
512
192
192
640
576
64
384
704
640
192
1856
320
384
64
0
320
512
384
448
640
704
64
64
576
448
256
960
704
192
64
640
384
64
448
768
448
640
1856
384
0
640
3712
576
1024
576
384
192
384
320
0
2752
576
320
448
576
1664
3776
448
192
512
128
384
1536
640
256
320
0
576
0
576
704
704
512
1088
128
704
512
384
256
640
0
448
640
704
384
640
704
2368
576
3008
704
576
512
2368
0
192
0
448
256
64
128
320
512
64
704
64
320
640
320
0
128
0
256
128
128
512
448
640
192
256
512
448
384
576
128
704
128
512
256
704
2560
448
2048
384
512
576
256
0
640
512
0
576
256
512
640
320
640
704
576
320
512
64
576
448
576
384
448
448
0
128
384
0
2688
192
128
192
704
2432
384
704
448
320
704
512
3328
64
3200
448
576
704
64
960
448
640
256
128
64
1984
512
384
448
64
576
320
576
320
256
0
192
512
3584
704
640
3904
896
576
192
3072
320
448
320
320
640
2496
256
576
256
128
512
704
576
384
384
0
128
1792
320
3072
1600
448
512
64
256
64
192
320
3712
0
704
128
192
704
128
640
512
704
0
192
576
704
576
448
448
128
64
640
320
512
0
704
512
384
704
512
192
128
640
576
1472
64
0
448
1152
256
1152
704
128
0
832
0
512
0
128
128
704
512
64
384
448
320
640
128
448
256
640
576
448
1152
0
384
3328
0
256
512
384
64
640
704
0
704
512
0
192
384
320
448
512
704
256
576
64
384
64
512
0
704
128
512
448
0
3072
0
256
576
320
384
128
384
2112
64
704
128
512
192
512
576
192
512
256
704
128
576
704
384
576
128
640
320
576
64
320
576
1856
256
64
320
0
320
2048
192
512
256
448
320
64
320
576
448
576
576
128
512
704
576
64
64
256
576
0
256
576
384
384
320
192
0
128
384
192
0
384
576
3648
384
384
192
576
384
448
384
576
1280
640
384
448
192
576
512
256
640
512
128
64
448
704
640
192
320
576
2368
256
512
320
256
256
0
3648
640
128
128
704
704
640
1728
576
448
1728
256
64
576
640
640
64
704
256
640
1856
128
576
640
640
576
320
704
640
448
256
320
704
192
64
384
64
0
576
512
320
3008
1728
1856
2112
448
1984
0
256
512
0
64
320
704
576
2048
256
576
384
3648
256
128
640
192
448
2752
448
512
256
256
384
448
512
384
576
704
3840
192
256
512
1920
256
128
640
576
640
320
64
256
3712
192
384
320
448
128
4032
0
192
1216
640
384
128
128
1216
640
448
2752
128
704
320
576
512
0
320
704
384
704
704
448
384
576
192
576
576
384
320
448
192
128
448
2944
256
64
1600
512
512
448
512
384
384
448
448
640
576
128
640
0
64
384
64
128
256
256
576
256
128
64
128
576
704
512
128
192
64
64
64
384
512
448
512
704
2496
384
1792
704
192
192
704
640
704
0
768
384
256
576
320
128
128
256
0
4032
640
0
256
2816
320
704
192
256
320
0
3072
320
448
0
768
3776
256
384
512
192
384
320
384
320
320
1152
64
3520
128
0
128
128
576
256
448
576
512
256
512
448
704
576
640
2368
0
2368
512
1536
192
0
512
384
256
192
320
128
576
192
512
64
704
128
128
576
0
576
256
0
576
384
128
128
256
128
64
384
448
320
128
1024
192
192
320
384
2240
0
256
3200
704
64
192
512
384
320
1152
320
3008
2432
768
448
0
256
256
512
128
256
512
704
704
320
576
576
4032
256
0
640
512
320
64
256
256
1536
640
64
576
64
512
512
384
576
640
320
1536
320
576
192
448
64
704
448
192
0
704
512
64
1024
192
512
320
384
512
512
3776
512
0
256
320
320
2880
448
640
704
640
3712
3968
640
256
0
128
320
640
64
64
192
448
1024
1984
704
64
64
448
384
320
384
576
320
512
704
320
512
384
704
0
256
448
704
640
64
576
640
640
512
512
576
0
512
128
0
64
256
0
256
1280
576
128
576
192
128
2432
384
128
448
512
1792
3136
1472
256
448
0
1984
576
256
832
640
320
384
704
0
2752
2688
704
64
576
64
256
448
512
0
64
64
768
512
320
64
128
320
2624
448
256
192
448
704
704
576
320
1152
576
0
0
128
448
576
576
512
448
256
512
128
192
192
128
384
256
64
0
832
1792
192
576
512
640
448
640
1536
384
1536
448
0
320
64
256
448
640
256
512
448
3328
64
384
704
448
256
576
256
1600
1536
448
64
3648
2752
3840
3968
576
320
640
192
192
576
704
704
256
384
1856
704
384
2176
0
576
384
704
1216
576
640
512
512
640
576
512
320
0
0
512
2752
704
384
3072
576
384
2944
384
512
128
192
192
1344
640
448
320
64
576
448
640
448
192
256
128
448
320
320
2048
512
384
384
640
256
640
0
640
256
704
64
192
0
448
320
384
192
320
3712
704
128
128
128
192
3200
640
320
384
512
0
320
1728
576
128
448
256
640
3456
640
320
576
512
64
128
448
384
512
384
512
704
704
576
0
512
512
256
0
448
0
384
640
512
3584
128
448
384
320
384
512
64
448
192
640
256
576
448
384
320
704
640
576
384
64
192
1536
640
448
1536
1984
384
0
0
2112
384
0
3136
2368
256
576
512
704
2752
704
576
576
576
704
256
3648
384
512
384
448
256
576
128
128
704
512
448
320
0
320
256
3904
256
3200
192
0
640
64
384
256
128
640
640
704
320
320
384
128
256
256
0
1920
320
192
2560
640
384
576
128
0
640
0
256
64
512
128
128
448
448
320
576
512
512
3968
1280
576
512
576
64
448
576
320
704
704
0
384
256
320
384
320
256
0
384
1600
512
448
3712
256
320
256
64
1664
512
320
512
384
448
320
320
320
64
192
128
256
384
640
512
448
384
448
192
576
2496
0
3584
1024
192
512
64
640
704
0
64
704
128
384
128
2560
320
256
704
704
704
64
512
0
192
576
128
384
256
256
128
2688
448
448
448
2112
256
704
3840
3520
704
512
576
128
448
704
512
256
0
448
320
64
0
704
512
768
704
256
64
512
0
0
0
384
448
1408
128
512
256
384
192
64
64
3776
704
128
384
640
640
192
384
128
3904
512
320
448
256
576
64
128
1664
1472
448
512
2560
256
384
576
64
384
512
1920
256
128
256
64
768
0
2688
448
512
128
704
384
128
256
640
256
448
128
2624
2752
704
128
384
384
64
2816
192
0
512
192
576
256
128
704
0
384
896
704
192
576
704
640
256
64
2816
512
704
576
640
448
192
192
704
576
256
640
576
704
128
640
384
704
512
640
192
704
64
64
384
640
576
448
3136
192
320
64
192
64
64
320
64
640
704
576
704
512
512
576
2944
384
704
704
384
3584
320
448
0
448
3008
256
1280
256
576
512
256
192
0
704
256
64
192
512
704
704
704
704
384
448
448
3200
0
64
2304
320
3456
256
320
704
128
384
192
384
384
64
3520
2432
0
2240
448
384
384
64
960
512
576
320
128
640
576
192
64
0
64
128
320
512
0
640
192
576
0
704
2752
256
576
1920
448
384
384
1600
128
256
320
192
192
320
448
192
448
448
192
192
2816
64
64
2304
0
448
2240
320
128
128
64
0
640
448
192
384
0
256
64
0
192
0
192
704
64
0
0
64
640
128
256
64
576
128
448
384
320
3648
384
0
320
640
576
384
448
256
448
448
64
448
704
64
256
64
3776
3392
448
320
512
3456
64
64
576
640
512
64
320
64
384
3904
192
64
192
512
0
320
128
3136
64
704
256
896
640
448
576
128
64
704
384
576
64
384
640
704
320
576
64
1728
704
512
192
2688
320
192
128
448
64
0
512
704
704
128
320
448
704
1280
640
448
704
320
256
192
576
3712
384
576
640
320
128
128
640
192
704
320
128
640
0
704
192
576
576
128
384
64
576
0
320
576
384
64
512
448
576
0
128
384
448
320
256
448
320
64
192
2560
448
640
704
320
448
384
64
192
320
256
320
896
0
384
384
384
2688
512
384
64
3648
2048
704
128
640
128
192
2432
512
256
192
64
192
64
2496
320
128
512
0
640
2176
576
0
1152
256
512
704
512
192
2816
640
512
0
640
64
64
640
64
576
0
256
512
448
0
320
512
128
64
512
3328
320
3200
64
256
576
512
128
0
128
704
320
576
2816
512
3648
128
128
256
640
384
192
0
256
512
448
128
576
0
192
192
0
256
1856
576
512
384
2240
1600
192
320
64
192
64
0
128
448
64
0
64
384
64
3968
704
576
576
512
192
320
576
192
576
384
64
0
128
448
0
0
64
640
192
1088
448
704
256
384
448
640
576
192
320
64
256
640
576
0
192
640
576
128
704
1024
192
64
192
384
128
512
512
1856
64
576
320
128
1664
576
0
512
1280
0
448
3648
192
64
256
3712
256
512
2432
256
64
640
640
448
320
448
384
128
2368
704
448
0
384
256
0
320
384
704
0
384
192
512
448
704
640
320
640
0
384
256
576
128
640
64
3456
64
448
320
640
704
64
192
384
0
0
64
128
0
512
576
512
192
576
1728
384
320
704
64
64
64
640
512
64
128
192
256
256
320
576
64
2304
704
384
64
576
0
320
448
448
448
448
0
960
64
640
2944
0
256
64
256
2624
64
448
512
448
640
704
64
320
384
384
384
128
2496
3392
64
192
0
448
384
256
64
384
192
2944
128
0
512
192
448
448
2240
64
384
448
704
256
64
192
448
704
128
64
128
704
64
576
640
640
1600
64
448
512
0
128
192
512
192
128
192
3392
128
64
256
128
768
704
64
256
384
64
0
448
576
192
640
704
2048
704
384
128
576
640
448
384
128
448
192
384
192
576
704
0
128
64
256
512
576
512
0
128
384
2816
448
512
704
512
64
640
64
256
192
448
320
576
128
640
192
576
64
512
384
384
128
1664
320
640
576
0
256
1280
704
384
384
256
448
64
1792
320
3456
448
2560
704
320
704
576
576
3904
320
576
704
704
64
704
192
1856
1728
704
192
320
576
320
512
640
128
0
2496
640
320
128
192
704
0
256
0
384
256
192
576
0
64
64
448
128
512
128
640
0
576
0
512
704
192
128
704
320
512
640
640
192
192
1856
512
192
640
448
3584
3904
2112
0
0
384
192
448
384
320
64
320
448
128
448
448
64
640
384
192
640
0
320
0
256
704
320
192
128
128
448
0
256
0
256
448
2752
576
384
448
256
0
192
2624
448
384
384
64
448
640
640
384
576
128
576
128
640
128
704
128
512
640
2496
320
384
256
0
256
576
256
576
1856
320
64
0
320
192
64
256
320
192
64
384
3264
256
64
576
64
320
64
64
2560
576
512
640
320
896
320
640
576
64
640
320
192
192
384
704
128
256
3840
512
128
3264
128
256
704
192
320
384
128
320
576
384
192
448
512
3456
448
128
384
448
128
320
320
0
192
704
704
256
512
3776
192
384
256
704
3648
128
576
256
192
192
1344
448
192
192
512
128
68096
68160
68224
68288
68352
68416
68480
68544
68608
68672
68736
68800
68864
68928
68992
69056
69120
69184
69248
69312
69376
69440
69504
69568
69632
69696
69760
69824
69888
69952
70016
70080
70144
70208
70272
70336
70400
70464
70528
70592
70656
70720
70784
70848
70912
70976
71040
71104
71168
71232
71296
71360
71424
71488
71552
71616
71680
71744
71808
71872
71936
72000
72064
72128
72192
72256
72320
72384
72448
72512
72576
72640
72704
72768
72832
72896
72960
73024
73088
73152
73216
73280
73344
73408
73472
73536
73600
73664
73728
73792
73856
73920
73984
74048
74112
74176
74240
74304
74368
74432
74496
74560
74624
74688
74752
74816
74880
74944
75008
75072
75136
75200
75264
75328
75392
75456
75520
75584
75648
75712
75776
75840
75904
75968
76032
76096
76160
76224
76288
76352
76416
76480
76544
76608
76672
76736
76800
76864
76928
76992
77056
77120
77184
77248
77312
77376
77440
77504
77568
77632
77696
77760
77824
77888
77952
78016
78080
78144
78208
78272
78336
78400
78464
78528
78592
78656
78720
78784
78848
78912
78976
79040
79104
79168
79232
79296
79360
79424
79488
79552
79616
79680
79744
79808
79872
79936
80000
80064
80128
80192
80256
80320
80384
80448
80512
80576
80640
80704
80768
80832
80896
80960
81024
81088
81152
81216
81280
81344
81408
81472
81536
81600
81664
81728
81792
81856
81920
81984
82048
82112
82176
82240
82304
82368
82432
82496
82560
82624
82688
82752
82816
82880
82944
83008
83072
83136
83200
83264
83328
83392
83456
83520
83584
83648
83712
83776
83840
83904
83968
84032
84096
84160
84224
84288
84352
84416
84480
84544
84608
84672
84736
84800
84864
84928
84992
85056
85120
85184
85248
85312
85376
85440
85504
85568
85632
85696
85760
85824
85888
85952
86016
86080
86144
86208
86272
86336
86400
86464
86528
86592
86656
86720
86784
86848
86912
86976
87040
87104
87168
87232
87296
87360
87424
87488
87552
87616
87680
87744
87808
87872
87936
88000
88064
88128
88192
88256
88320
88384
88448
88512
88576
88640
88704
88768
88832
88896
88960
89024
89088
89152
89216
89280
89344
89408
89472
89536
89600
89664
89728
89792
89856
89920
89984
90048
90112
90176
90240
90304
90368
90432
90496
90560
90624
90688
90752
90816
90880
90944
91008
91072
91136
91200
91264
91328
91392
91456
91520
91584
91648
91712
91776
91840
91904
91968
92032
92096
92160
92224
92288
92352
92416
92480
92544
92608
92672
92736
92800
92864
92928
92992
93056
93120
93184
93248
93312
93376
93440
93504
93568
93632
93696
93760
93824
93888
93952
94016
94080
94144
94208
94272
94336
94400
94464
94528
94592
94656
94720
94784
94848
94912
94976
95040
95104
95168
95232
95296
95360
95424
95488
95552
95616
95680
95744
95808
95872
95936
96000
96064
96128
96192
96256
96320
96384
96448
96512
96576
96640
96704
96768
96832
96896
96960
97024
97088
97152
97216
97280
97344
97408
97472
97536
97600
97664
97728
97792
97856
97920
97984
98048
98112
98176
98240
98304
98368
98432
98496
98560
98624
98688
98752
98816
98880
98944
99008
99072
99136
99200
99264
99328
99392
99456
99520
99584
99648
99712
99776
99840
99904
99968
100032
100096
100160
100224
100288
100352
100416
100480
100544
100608
100672
100736
100800
100864
100928
100992
101056
101120
101184
101248
101312
101376
101440
101504
101568
101632
101696
101760
101824
101888
101952
102016
102080
102144
102208
102272
102336
102400
102464
102528
102592
102656
102720
102784
102848
102912
102976
103040
103104
103168
103232
103296
103360
103424
103488
103552
103616
103680
103744
103808
103872
103936
104000
104064
104128
104192
104256
104320
104384
104448
104512
104576
104640
104704
104768
104832
104896
104960
105024
105088
105152
105216
105280
105344
105408
105472
105536
105600
105664
105728
105792
105856
105920
105984
106048
106112
106176
106240
106304
106368
106432
106496
106560
106624
106688
106752
106816
106880
106944
107008
107072
107136
107200
107264
107328
107392
107456
107520
107584
107648
107712
107776
107840
107904
107968
108032
108096
108160
108224
108288
108352
108416
108480
108544
108608
108672
108736
108800
108864
108928
108992
109056
109120
109184
109248
109312
109376
109440
109504
109568
109632
109696
109760
109824
109888
109952
110016
110080
110144
110208
110272
110336
110400
110464
110528
110592
110656
110720
110784
110848
110912
110976
111040
111104
111168
111232
111296
111360
111424
111488
111552
111616
111680
111744
111808
111872
111936
112000
112064
112128
112192
112256
112320
112384
112448
112512
112576
112640
112704
112768
112832
112896
112960
113024
113088
113152
113216
113280
113344
113408
113472
113536
113600
113664
113728
113792
113856
113920
113984
114048
114112
114176
114240
114304
114368
114432
114496
114560
114624
114688
114752
114816
114880
114944
115008
115072
115136
115200
115264
115328
115392
115456
115520
115584
115648
115712
115776
115840
115904
115968
116032
116096
116160
116224
116288
116352
116416
116480
116544
116608
116672
116736
116800
116864
116928
116992
117056
117120
117184
117248
117312
117376
117440
117504
117568
117632
117696
117760
117824
117888
117952
118016
118080
118144
118208
118272
118336
118400
118464
118528
118592
118656
118720
118784
118848
118912
118976
119040
119104
119168
119232
119296
119360
119424
119488
119552
119616
119680
119744
119808
119872
119936
120000
120064
120128
120192
120256
120320
120384
120448
120512
120576
120640
120704
120768
120832
120896
120960
121024
121088
121152
121216
121280
121344
121408
121472
121536
121600
121664
121728
121792
121856
121920
121984
122048
122112
122176
122240
122304
122368
122432
122496
122560
122624
122688
122752
122816
122880
122944
123008
123072
123136
123200
123264
123328
123392
123456
123520
123584
123648
123712
123776
123840
123904
123968
124032
124096
124160
124224
124288
124352
124416
124480
124544
124608
124672
124736
124800
124864
124928
124992
125056
125120
125184
125248
125312
125376
125440
125504
125568
125632
125696
125760
125824
125888
125952
126016
126080
126144
126208
126272
126336
126400
126464
126528
126592
126656
126720
126784
126848
126912
126976
127040
127104
127168
127232
127296
127360
127424
127488
127552
127616
127680
127744
127808
127872
127936
128000
128064
128128
128192
128256
128320
128384
128448
128512
128576
128640
128704
128768
128832
128896
128960
129024
129088
129152
129216
129280
129344
129408
129472
129536
129600
129664
129728
129792
129856
129920
129984
130048
130112
130176
130240
130304
130368
130432
130496
130560
130624
130688
130752
130816
130880
130944
131008
131072
131136
131200
131264
131328
131392
131456
131520
131584
131648
131712
131776
131840
131904
131968
132032
132096
132160
132224
132288
132352
132416
132480
132544
132608
132672
132736
132800
132864
132928
132992
133056
133120
133184
133248
133312
133376
133440
133504
133568
133632
133696
133760
133824
133888
133952
134016
134080
134144
134208
134272
134336
134400
134464
134528
134592
134656
134720
134784
134848
134912
134976
135040
135104
135168
135232
135296
135360
135424
135488
135552
135616
135680
135744
135808
135872
135936
136000
136064
136128
136192
136256
136320
136384
136448
136512
136576
136640
136704
136768
136832
136896
136960
137024
137088
137152
137216
137280
137344
137408
137472
137536
137600
137664
137728
137792
137856
137920
137984
138048
138112
138176
138240
138304
138368
138432
138496
138560
138624
138688
138752
138816
138880
138944
139008
139072
139136
139200
139264
139328
139392
139456
139520
139584
139648
139712
139776
139840
139904
139968
140032
140096
140160
140224
140288
140352
140416
140480
140544
140608
140672
140736
140800
140864
140928
140992
141056
141120
141184
141248
141312
141376
141440
141504
141568
141632
141696
141760
141824
141888
141952
142016
142080
142144
142208
142272
142336
142400
142464
142528
142592
142656
142720
142784
142848
142912
142976
143040
143104
143168
143232
143296
143360
143424
143488
143552
143616
143680
143744
143808
143872
143936
144000
144064
144128
144192
144256
144320
144384
144448
144512
144576
144640
144704
144768
144832
144896
144960
145024
145088
145152
145216
145280
145344
145408
145472
145536
145600
145664
145728
145792
145856
145920
145984
146048
146112
146176
146240
146304
146368
146432
146496
146560
146624
146688
146752
146816
146880
146944
147008
147072
147136
147200
147264
147328
147392
147456
147520
147584
147648
147712
147776
147840
147904
147968
148032
148096
148160
148224
148288
148352
148416
148480
148544
148608
148672
148736
148800
148864
148928
148992
149056
149120
149184
149248
149312
149376
149440
149504
149568
149632
149696
149760
149824
149888
149952
150016
150080
150144
150208
150272
150336
150400
150464
150528
150592
150656
150720
150784
150848
150912
150976
151040
151104
151168
151232
151296
151360
151424
151488
151552
151616
151680
151744
151808
151872
151936
152000
152064
152128
152192
152256
152320
152384
152448
152512
152576
152640
152704
152768
152832
152896
152960
153024
153088
153152
153216
153280
153344
153408
153472
153536
153600
153664
153728
153792
153856
153920
153984
154048
154112
154176
154240
154304
154368
154432
154496
154560
154624
154688
154752
154816
154880
154944
155008
155072
155136
155200
155264
155328
155392
155456
155520
155584
155648
155712
155776
155840
155904
155968
156032
156096
156160
156224
156288
156352
156416
156480
156544
156608
156672
156736
156800
156864
156928
156992
157056
157120
157184
157248
157312
157376
157440
157504
157568
157632
157696
157760
157824
157888
157952
158016
158080
158144
158208
158272
158336
158400
158464
158528
158592
158656
158720
158784
158848
158912
158976
159040
159104
159168
159232
159296
159360
159424
159488
159552
159616
159680
159744
159808
159872
159936
160000
160064
160128
160192
160256
160320
160384
160448
160512
160576
160640
160704
160768
160832
160896
160960
161024
161088
161152
161216
161280
161344
161408
161472
161536
161600
161664
161728
161792
161856
161920
161984
162048
162112
162176
162240
162304
162368
162432
162496
162560
162624
162688
162752
162816
162880
162944
163008
163072
163136
163200
163264
163328
163392
163456
163520
163584
163648
163712
163776
163840
163904
163968
164032
164096
164160
164224
164288
164352
164416
164480
164544
164608
164672
164736
164800
164864
164928
164992
165056
165120
165184
165248
165312
165376
165440
165504
165568
165632
165696
165760
165824
165888
165952
166016
166080
166144
166208
166272
166336
166400
166464
166528
166592
166656
166720
166784
166848
166912
166976
167040
167104
167168
167232
167296
167360
167424
167488
167552
167616
167680
167744
167808
167872
167936
168000
168064
168128
168192
168256
168320
168384
168448
168512
168576
168640
168704
168768
168832
168896
168960
169024
169088
169152
169216
169280
169344
169408
169472
169536
169600
169664
169728
169792
169856
169920
169984
170048
170112
170176
170240
170304
170368
170432
170496
170560
170624
170688
170752
170816
170880
170944
171008
171072
171136
171200
171264
171328
171392
171456
171520
171584
171648
171712
171776
171840
171904
171968
172032
172096
172160
172224
172288
172352
172416
172480
172544
172608
172672
172736
172800
172864
172928
172992
173056
173120
173184
173248
173312
173376
173440
173504
173568
173632
173696
173760
173824
173888
173952
174016
174080
174144
174208
174272
174336
174400
174464
174528
174592
174656
174720
174784
174848
174912
174976
175040
175104
175168
175232
175296
175360
175424
175488
175552
175616
175680
175744
175808
175872
175936
176000
176064
176128
176192
176256
176320
176384
176448
176512
176576
176640
176704
176768
176832
176896
176960
177024
177088
177152
177216
177280
177344
177408
177472
177536
177600
177664
177728
177792
177856
177920
177984
178048
178112
178176
178240
178304
178368
178432
178496
178560
178624
178688
178752
178816
178880
178944
179008
179072
179136
179200
179264
179328
179392
179456
179520
179584
179648
179712
179776
179840
179904
179968
180032
180096
180160
180224
180288
180352
180416
180480
180544
180608
180672
180736
180800
180864
180928
180992
181056
181120
181184
181248
181312
181376
181440
181504
181568
181632
181696
181760
181824
181888
181952
182016
182080
182144
182208
182272
182336
182400
182464
182528
182592
182656
182720
182784
182848
182912
182976
183040
183104
183168
183232
183296
183360
183424
183488
183552
183616
183680
183744
183808
183872
183936
184000
184064
184128
184192
184256
184320
184384
184448
184512
184576
184640
184704
184768
184832
184896
184960
185024
185088
185152
185216
185280
185344
185408
185472
185536
185600
185664
185728
185792
185856
185920
185984
186048
186112
186176
186240
186304
186368
186432
186496
186560
186624
186688
186752
186816
186880
186944
187008
187072
187136
187200
187264
187328
187392
187456
187520
187584
187648
187712
187776
187840
187904
187968
188032
188096
188160
188224
188288
188352
188416
188480
188544
188608
188672
188736
188800
188864
188928
188992
189056
189120
189184
189248
189312
189376
189440
189504
189568
189632
189696
189760
189824
189888
189952
190016
190080
190144
190208
190272
190336
190400
190464
190528
190592
190656
190720
190784
190848
190912
190976
191040
191104
191168
191232
191296
191360
191424
191488
191552
191616
191680
191744
191808
191872
191936
192000
192064
192128
192192
192256
192320
192384
192448
192512
192576
192640
192704
192768
192832
192896
192960
193024
193088
193152
193216
193280
193344
193408
193472
193536
193600
193664
193728
193792
193856
193920
193984
194048
194112
194176
194240
194304
194368
194432
194496
194560
194624
194688
194752
194816
194880
194944
195008
195072
195136
195200
195264
195328
195392
195456
195520
195584
195648
195712
195776
195840
195904
195968
196032
196096
196160
196224
196288
196352
196416
196480
196544
196608
196672
196736
196800
196864
196928
196992
197056
197120
197184
197248
197312
197376
197440
197504
197568
197632
197696
197760
197824
197888
197952
198016
198080
198144
198208
198272
198336
198400
198464
198528
198592
198656
198720
198784
198848
198912
198976
199040
199104
199168
199232
199296
199360
199424
199488
199552
199616
199680
199744
199808
199872
199936
200000
200064
200128
200192
200256
200320
200384
200448
200512
200576
200640
200704
200768
200832
200896
200960
201024
201088
201152
201216
201280
201344
201408
201472
201536
201600
201664
201728
201792
201856
201920
201984
202048
202112
202176
202240
202304
202368
202432
202496
202560
202624
202688
202752
202816
202880
202944
203008
203072
203136
203200
203264
203328
203392
203456
203520
203584
203648
203712
203776
203840
203904
203968
204032
204096
204160
204224
204288
204352
204416
204480
204544
204608
204672
204736
204800
204864
204928
204992
205056
205120
205184
205248
205312
205376
205440
205504
205568
205632
205696
205760
205824
205888
205952
206016
206080
206144
206208
206272
206336
206400
206464
206528
206592
206656
206720
206784
206848
206912
206976
207040
207104
207168
207232
207296
207360
207424
207488
207552
207616
207680
207744
207808
207872
207936
208000
208064
208128
208192
208256
208320
208384
208448
208512
208576
208640
208704
208768
208832
208896
208960
209024
209088
209152
209216
209280
209344
209408
209472
209536
209600
209664
209728
209792
209856
209920
209984
210048
210112
210176
210240
210304
210368
210432
210496
210560
210624
210688
210752
210816
210880
210944
211008
211072
211136
211200
211264
211328
211392
211456
211520
211584
211648
211712
211776
211840
211904
211968
212032
212096
212160
212224
212288
212352
212416
212480
212544
212608
212672
212736
212800
212864
212928
212992
213056
213120
213184
213248
213312
213376
213440
213504
213568
213632
213696
213760
213824
213888
213952
214016
214080
214144
214208
214272
214336
214400
214464
214528
214592
214656
214720
214784
214848
214912
214976
215040
215104
215168
215232
215296
215360
215424
215488
215552
215616
215680
215744
215808
215872
215936
216000
216064
216128
216192
216256
216320
216384
216448
216512
216576
216640
216704
216768
216832
216896
216960
217024
217088
217152
217216
217280
217344
217408
217472
217536
217600
217664
217728
217792
217856
217920
217984
218048
218112
218176
218240
218304
218368
218432
218496
218560
218624
218688
218752
218816
218880
218944
219008
219072
219136
219200
219264
219328
219392
219456
219520
219584
219648
219712
219776
219840
219904
219968
220032
220096
220160
220224
220288
220352
220416
220480
220544
220608
220672
220736
220800
220864
220928
220992
221056
221120
221184
221248
221312
221376
221440
221504
221568
221632
221696
221760
221824
221888
221952
222016
222080
222144
222208
222272
222336
222400
222464
222528
222592
222656
222720
222784
222848
222912
222976
223040
223104
223168
223232
223296
223360
223424
223488
223552
223616
223680
223744
223808
223872
223936
224000
224064
224128
224192
224256
224320
224384
224448
224512
224576
224640
224704
224768
224832
224896
224960
225024
225088
225152
225216
225280
225344
225408
225472
225536
225600
225664
225728
225792
225856
225920
225984
226048
226112
226176
226240
226304
226368
226432
226496
226560
226624
226688
226752
226816
226880
226944
227008
227072
227136
227200
227264
227328
227392
227456
227520
227584
227648
227712
227776
227840
227904
227968
228032
228096
228160
228224
228288
228352
228416
228480
228544
228608
228672
228736
228800
228864
228928
228992
229056
229120
229184
229248
229312
229376
229440
229504
229568
229632
229696
229760
229824
229888
229952
230016
230080
230144
230208
230272
230336
230400
230464
230528
230592
230656
230720
230784
230848
230912
230976
231040
231104
231168
231232
231296
231360
231424
231488
231552
231616
231680
231744
231808
231872
231936
232000
232064
232128
232192
232256
232320
232384
232448
232512
232576
232640
232704
232768
232832
232896
232960
233024
233088
233152
233216
233280
233344
233408
233472
233536
233600
233664
233728
233792
233856
233920
233984
234048
234112
234176
234240
234304
234368
234432
234496
234560
234624
234688
234752
234816
234880
234944
235008
235072
235136
235200
235264
235328
235392
235456
235520
235584
235648
235712
235776
235840
235904
235968
236032
236096
236160
236224
236288
236352
236416
236480
236544
236608
236672
236736
236800
236864
236928
236992
237056
237120
237184
237248
237312
237376
237440
237504
237568
237632
237696
237760
237824
237888
237952
238016
238080
238144
238208
238272
238336
238400
238464
238528
238592
238656
238720
238784
238848
238912
238976
239040
239104
239168
239232
239296
239360
239424
239488
239552
239616
239680
239744
239808
239872
239936
240000
240064
240128
240192
240256
240320
240384
240448
240512
240576
240640
240704
240768
240832
240896
240960
241024
241088
241152
241216
241280
241344
241408
241472
241536
241600
241664
241728
241792
241856
241920
241984
242048
242112
242176
242240
242304
242368
242432
242496
242560
242624
242688
242752
242816
242880
242944
243008
243072
243136
243200
243264
243328
243392
243456
243520
243584
243648
243712
243776
243840
243904
243968
244032
244096
244160
244224
244288
244352
244416
244480
244544
244608
244672
244736
244800
244864
244928
244992
245056
245120
245184
245248
245312
245376
245440
245504
245568
245632
245696
245760
245824
245888
245952
246016
246080
246144
246208
246272
246336
246400
246464
246528
246592
246656
246720
246784
246848
246912
246976
247040
247104
247168
247232
247296
247360
247424
247488
247552
247616
247680
247744
247808
247872
247936
248000
248064
248128
248192
248256
248320
248384
248448
248512
248576
248640
248704
248768
248832
248896
248960
249024
249088
249152
249216
249280
249344
249408
249472
249536
249600
249664
249728
249792
249856
249920
249984
250048
250112
250176
250240
250304
250368
250432
250496
250560
250624
250688
250752
250816
250880
250944
251008
251072
251136
251200
251264
251328
251392
251456
251520
251584
251648
251712
251776
251840
251904
251968
252032
252096
252160
252224
252288
252352
252416
252480
252544
252608
252672
252736
252800
252864
252928
252992
253056
253120
253184
253248
253312
253376
253440
253504
253568
253632
253696
253760
253824
253888
253952
254016
254080
254144
254208
254272
254336
254400
254464
254528
254592
254656
254720
254784
254848
254912
254976
255040
255104
255168
255232
255296
255360
255424
255488
255552
255616
255680
255744
255808
255872
255936
256000
256064
256128
256192
256256
256320
256384
256448
256512
256576
256640
256704
256768
256832
256896
256960
257024
257088
257152
257216
257280
257344
257408
257472
257536
257600
257664
257728
257792
257856
257920
257984
258048
258112
258176
258240
258304
258368
258432
258496
258560
258624
258688
258752
258816
258880
258944
259008
259072
259136
259200
259264
259328
259392
259456
259520
259584
259648
259712
259776
259840
259904
259968
260032
260096
260160
260224
260288
260352
260416
260480
260544
260608
260672
260736
260800
260864
260928
260992
261056
261120
261184
261248
261312
261376
261440
261504
261568
261632
261696
261760
261824
261888
261952
262016
262080
262144
262208
262272
262336
262400
262464
262528
262592
262656
262720
262784
262848
262912
262976
263040
263104
263168
263232
263296
263360
263424
263488
263552
263616
263680
263744
263808
263872
263936
264000
264064
264128
264192
264256
264320
264384
264448
264512
264576
264640
264704
264768
264832
264896
264960
265024
265088
265152
265216
265280
265344
265408
265472
265536
265600
265664
265728
265792
265856
265920
265984
266048
266112
266176
266240
266304
266368
266432
266496
266560
266624
266688
266752
266816
266880
266944
267008
267072
267136
267200
267264
267328
267392
267456
267520
267584
267648
267712
267776
267840
267904
267968
268032
268096
268160
268224
268288
268352
268416
268480
268544
268608
268672
268736
268800
268864
268928
268992
269056
269120
269184
269248
269312
269376
269440
269504
269568
269632
269696
269760
269824
269888
269952
270016
270080
270144
270208
270272
270336
270400
270464
270528
270592
270656
270720
270784
270848
270912
270976
271040
271104
271168
271232
271296
271360
271424
271488
271552
271616
271680
271744
271808
271872
271936
272000
272064
272128
272192
272256
272320
272384
272448
272512
272576
272640
272704
272768
272832
272896
272960
273024
273088
273152
273216
273280
273344
273408
273472
273536
273600
273664
273728
273792
273856
273920
273984
274048
274112
274176
274240
274304
274368
274432
274496
274560
274624
274688
274752
274816
274880
274944
275008
275072
275136
275200
275264
275328
275392
275456
275520
275584
275648
275712
275776
275840
275904
275968
276032
276096
276160
276224
276288
276352
276416
276480
276544
276608
276672
276736
276800
276864
276928
276992
277056
277120
277184
277248
277312
277376
277440
277504
277568
277632
277696
277760
277824
277888
277952
278016
278080
278144
278208
278272
278336
278400
278464
278528
278592
278656
278720
278784
278848
278912
278976
279040
279104
279168
279232
279296
279360
279424
279488
279552
279616
279680
279744
279808
279872
279936
280000
280064
280128
280192
280256
280320
280384
280448
280512
280576
280640
280704
280768
280832
280896
280960
281024
281088
281152
281216
281280
281344
281408
281472
281536
281600
281664
281728
281792
281856
281920
281984
282048
282112
282176
282240
282304
282368
282432
282496
282560
282624
282688
282752
282816
282880
282944
283008
283072
283136
283200
283264
283328
283392
283456
283520
283584
283648
283712
283776
283840
283904
283968
284032
284096
284160
284224
284288
284352
284416
284480
284544
284608
284672
284736
284800
284864
284928
284992
285056
285120
285184
285248
285312
285376
285440
285504
285568
285632
285696
285760
285824
285888
285952
286016
286080
286144
286208
286272
286336
286400
286464
286528
286592
286656
286720
286784
286848
286912
286976
287040
287104
287168
287232
287296
287360
287424
287488
287552
287616
287680
287744
287808
287872
287936
288000
288064
288128
288192
288256
288320
288384
288448
288512
288576
288640
288704
288768
288832
288896
288960
289024
289088
289152
289216
289280
289344
289408
289472
289536
289600
289664
289728
289792
289856
289920
289984
290048
290112
290176
290240
290304
290368
290432
290496
290560
290624
290688
290752
290816
290880
290944
291008
291072
291136
291200
291264
291328
291392
291456
291520
291584
291648
291712
291776
291840
291904
291968
292032
292096
292160
292224
292288
292352
292416
292480
292544
292608
292672
292736
292800
292864
292928
292992
293056
293120
293184
293248
293312
293376
293440
293504
293568
293632
293696
293760
293824
293888
293952
294016
294080
294144
294208
294272
294336
294400
294464
294528
294592
294656
294720
294784
294848
294912
294976
295040
295104
295168
295232
295296
295360
295424
295488
295552
295616
295680
295744
295808
295872
295936
296000
296064
296128
296192
296256
296320
296384
296448
296512
296576
296640
296704
296768
296832
296896
296960
297024
297088
297152
297216
297280
297344
297408
297472
297536
297600
297664
297728
297792
297856
297920
297984
298048
298112
298176
298240
298304
298368
298432
298496
298560
298624
298688
298752
298816
298880
298944
299008
299072
299136
299200
299264
299328
299392
299456
299520
299584
299648
299712
299776
299840
299904
299968
300032
300096
300160
300224
300288
300352
300416
300480
300544
300608
300672
300736
300800
300864
300928
300992
301056
301120
301184
301248
301312
301376
301440
301504
301568
301632
301696
301760
301824
301888
301952
302016
302080
302144
302208
302272
302336
302400
302464
302528
302592
302656
302720
302784
302848
302912
302976
303040
303104
303168
303232
303296
303360
303424
303488
303552
303616
303680
303744
303808
303872
303936
304000
304064
304128
304192
304256
304320
304384
304448
304512
304576
304640
304704
304768
304832
304896
304960
305024
305088
305152
305216
305280
305344
305408
305472
305536
305600
305664
305728
305792
305856
305920
305984
306048
306112
306176
306240
306304
306368
306432
306496
306560
306624
306688
306752
306816
306880
306944
307008
307072
307136
307200
307264
307328
307392
307456
307520
307584
307648
307712
307776
307840
307904
307968
308032
308096
308160
308224
308288
308352
308416
308480
308544
308608
308672
308736
308800
308864
308928
308992
309056
309120
309184
309248
309312
309376
309440
309504
309568
309632
309696
309760
309824
309888
309952
310016
310080
310144
310208
310272
310336
310400
310464
310528
310592
310656
310720
310784
310848
310912
310976
311040
311104
311168
311232
311296
311360
311424
311488
311552
311616
311680
311744
311808
311872
311936
312000
312064
312128
312192
312256
312320
312384
312448
312512
312576
312640
312704
312768
312832
312896
312960
313024
313088
313152
313216
313280
313344
313408
313472
313536
313600
313664
313728
313792
313856
313920
313984
314048
314112
314176
314240
314304
314368
314432
314496
314560
314624
314688
314752
314816
314880
314944
315008
315072
315136
315200
315264
315328
315392
315456
315520
315584
315648
315712
315776
315840
315904
315968
316032
316096
316160
316224
316288
316352
316416
316480
316544
316608
316672
316736
316800
316864
316928
316992
317056
317120
317184
317248
317312
317376
317440
317504
317568
317632
317696
317760
317824
317888
317952
318016
318080
318144
318208
318272
318336
318400
318464
318528
318592
318656
318720
318784
318848
318912
318976
319040
319104
319168
319232
319296
319360
319424
319488
319552
319616
319680
319744
319808
319872
319936
320000
320064
320128
320192
320256
320320
320384
320448
320512
320576
320640
320704
320768
320832
320896
320960
321024
321088
321152
321216
321280
321344
321408
321472
321536
321600
321664
321728
321792
321856
321920
321984
322048
322112
322176
322240
322304
322368
322432
322496
322560
322624
322688
322752
322816
322880
322944
323008
323072
323136
323200
323264
323328
323392
323456
323520
323584
323648
323712
323776
323840
323904
323968
324032
384
0
192
128
0
128
0
960
256
0
384
0
256
512
128
576
640
640
256
640
512
384
128
384
448
384
128
512
1984
128
512
384
256
704
704
448
192
320
320
3648
384
192
320
2176
256
448
64
2304
256
64
640
256
576
576
384
640
640
0
128
640
704
576
704
320
640
128
640
576
64
448
64
384
3328
576
512
192
384
192
1024
192
512
256
704
320
1920
832
704
64
512
576
0
640
0
512
576
256
256
640
384
512
448
384
704
128
128
512
0
128
576
256
640
640
1216
704
512
64
384
256
128
2112
640
384
64
512
576
256
192
384
512
128
1664
64
640
256
1600
320
704
128
640
128
704
1280
576
320
0
128
192
320
192
192
704
64
192
192
64
576
256
384
512
704
128
3648
3584
192
0
448
640
0
64
640
384
576
1216
640
64
576
448
576
384
384
384
0
640
0
192
640
384
2048
0
576
512
320
256
64
2816
704
192
256
320
128
256
320
320
640
576
256
256
0
0
640
64
384
704
64
320
704
3200
192
448
256
320
192
0
256
320
576
64
3392
640
320
3456
640
576
64
192
192
192
640
704
256
3968
448
192
640
0
640
384
256
320
640
640
448
384
192
1024
256
640
704
2944
0
3392
384
0
704
704
384
320
192
640
448
320
576
704
192
0
512
512
128
1600
192
384
320
3072
384
256
256
704
320
448
64
960
832
704
192
640
0
64
128
192
256
256
512
128
256
64
640
320
0
576
192
384
576
192
384
320
320
128
512
320
960
128
192
448
3072
960
192
704
384
512
384
384
448
256
2048
640
192
192
704
704
320
704
704
320
192
576
512
704
64
0
192
704
192
576
704
320
192
640
256
256
64
448
1280
0
320
256
0
448
384
256
576
192
256
320
192
640
64
64
192
576
448
704
0
512
576
64
576
0
576
640
64
128
0
3712
128
128
256
192
192
704
448
384
320
512
384
256
384
256
0
320
512
192
192
0
576
704
384
192
192
320
256
0
192
384
320
128
512
576
512
128
192
64
192
256
512
512
640
192
640
512
704
1856
704
640
576
576
3008
448
192
128
512
128
384
192
64
192
192
192
256
0
192
512
320
320
192
384
512
0
256
2880
512
384
256
640
256
704
3712
320
384
2304
384
384
576
512
384
704
3456
256
576
256
704
576
128
320
384
384
64
704
704
640
448
640
0
576
704
512
3200
320
128
64
512
0
64
448
320
2368
704
448
576
640
2624
704
320
128
448
128
640
256
192
1856
1792
256
384
384
704
192
3968
256
3776
64
3072
256
320
0
704
512
256
448
64
576
1216
0
448
384
384
448
448
0
576
384
0
128
512
576
64
128
704
256
256
448
704
0
640
0
256
64
64
704
448
448
64
64
64
192
256
448
320
2816
128
448
512
192
1024
448
3328
128
192
256
320
128
128
256
0
640
384
704
256
384
192
320
3264
2432
512
256
384
576
640
0
192
704
3584
704
512
192
192
576
704
192
0
128
0
512
384
320
4032
0
384
640
384
128
320
704
2944
576
256
192
192
448
576
640
320
704
640
640
320
320
512
1920
128
64
448
576
1920
192
384
256
192
0
384
0
576
64
576
128
1600
128
2112
64
384
576
448
64
384
0
576
384
3584
1792
576
64
192
384
512
704
320
384
192
320
576
320
704
576
512
384
512
512
320
192
192
320
448
384
512
576
128
320
320
320
2496
576
384
512
192
576
64
576
512
64
128
512
576
2560
192
128
384
384
448
256
192
256
448
128
128
192
704
320
768
64
0
64
3392
576
512
704
256
384
128
3712
576
320
1728
384
1536
448
448
704
192
512
192
320
704
128
256
256
512
64
576
576
128
448
448
704
704
320
384
64
512
384
320
192
448
320
128
640
384
512
64
576
64
512
448
704
320
640
192
896
576
704
3904
640
384
64
512
640
1216
320
640
128
1536
256
256
1536
384
448
256
512
2368
640
448
384
3136
384
3200
256
1216
320
704
448
256
0
640
320
384
1216
704
64
64
448
1728
640
128
2944
704
704
256
512
320
256
448
0
704
64
512
448
704
256
704
128
128
512
192
512
128
320
320
192
64
320
3648
576
576
704
256
1792
640
704
0
704
0
64
0
704
512
320
384
64
256
192
2560
192
192
384
448
512
640
64
1152
704
384
512
320
0
576
64
384
640
128
448
0
256
128
320
576
640
1472
448
3200
192
320
576
384
256
256
256
0
640
256
128
192
640
64
1152
704
64
64
128
256
64
320
576
448
320
256
320
64
1088
192
512
320
320
512
704
128
384
320
256
320
0
128
3072
192
128
0
320
128
128
0
640
0
128
256
192
512
384
0
2624
2368
640
0
384
704
640
3328
2560
192
1664
384
64
2560
64
64
192
256
0
640
1472
192
256
192
320
0
256
448
576
0
128
192
1664
256
320
320
192
64
128
256
0
128
704
704
448
128
576
128
320
2944
1088
0
3968
704
512
192
64
640
640
128
448
640
128
0
512
3456
448
576
0
320
640
320
512
64
192
192
448
320
320
384
320
256
448
704
256
2880
256
128
448
1088
192
192
2240
384
3584
192
384
448
192
704
2624
0
384
0
0
704
192
128
192
576
2176
384
384
0
384
320
256
320
64
64
64
128
384
128
704
704
512
640
64
576
448
128
2688
128
320
1984
64
192
448
640
128
1472
384
704
128
256
1152
448
640
2112
576
640
3904
384
896
576
256
512
512
576
704
576
384
448
448
1024
512
512
320
0
320
0
3136
320
384
448
512
384
128
384
0
256
512
128
192
64
64
64
704
576
576
640
512
1024
1600
576
128
3904
448
128
3264
128
3712
64
512
512
384
3200
640
384
0
2496
0
512
2112
640
512
320
64
384
576
0
704
384
448
320
576
576
640
448
640
384
1088
192
256
704
320
704
128
704
128
256
1408
64
640
448
640
576
3264
256
0
2624
576
704
448
0
256
2304
512
0
3136
512
640
64
896
3456
320
320
256
576
640
768
1280
0
256
256
512
0
256
2048
128
3392
0
3456
2112
0
0
704
64
128
2624
704
448
384
128
576
2688
1728
704
128
704
512
576
512
512
448
64
512
448
256
640
64
192
448
640
128
512
256
0
3712
256
640
640
3968
320
128
128
0
192
384
320
2304
640
576
384
384
192
640
256
384
128
704
320
0
3264
640
448
576
256
640
192
448
0
64
0
192
256
64
2560
3072
704
1024
2240
640
384
448
512
384
576
192
448
320
320
448
512
448
640
704
4032
640
128
64
256
256
384
192
448
384
1728
320
64
640
512
640
448
384
448
320
512
576
256
512
512
448
704
640
1216
448
64
128
0
0
256
0
192
704
640
384
512
128
576
0
128
1088
704
0
64
448
576
64
512
1728
704
2240
0
640
2624
320
128
384
1152
640
192
704
704
384
2688
704
704
2816
576
384
256
640
256
64
128
640
320
3072
640
640
512
448
640
256
128
704
512
192
320
640
512
2880
576
320
512
192
448
640
256
2688
128
64
512
64
128
448
256
1792
64
448
384
64
384
448
320
192
512
256
320
1088
384
704
640
704
704
640
64
576
2880
256
640
2432
64
128
576
2112
128
512
320
512
320
448
320
0
128
704
384
64
640
0
576
64
512
192
512
3072
192
0
512
512
64
2048
0
640
128
256
640
576
512
192
128
0
576
0
128
384
0
576
320
192
1792
256
192
320
192
64
64
192
128
448
448
640
640
576
704
384
64
448
576
704
64
384
640
320
64
384
0
448
3456
192
128
256
576
0
128
384
640
64
576
640
256
64
320
0
512
128
960
192
640
704
192
192
512
448
256
320
576
512
2240
576
640
192
576
384
320
640
640
576
64
576
256
512
2240
320
3648
704
384
0
640
640
64
256
128
64
448
192
512
704
64
64
576
2176
576
512
448
320
64
512
3520
448
512
512
384
2432
320
320
448
128
192
192
576
448
128
512
384
512
256
128
576
128
320
512
192
640
256
128
640
64
0
448
640
640
576
64
320
128
128
448
128
128
576
0
448
320
640
128
704
256
3136
576
64
512
0
128
640
0
512
384
1984
512
256
1344
3712
256
320
512
1280
384
384
192
128
0
320
576
576
192
1600
512
3520
192
64
640
512
384
128
192
576
0
2304
256
704
192
0
128
3840
3968
320
128
640
192
384
192
3776
64
192
384
384
448
320
128
256
704
384
704
192
640
384
704
512
384
2432
64
0
576
3776
512
640
384
640
384
448
3776
576
512
704
640
128
1088
512
320
64
704
384
448
448
896
256
128
320
3776
128
512
384
1280
320
3392
192
128
512
448
2880
192
576
2944
0
256
384
384
320
640
384
192
576
2432
3264
448
512
0
0
64
192
0
2240
512
0
1088
128
192
640
64
512
512
576
448
2752
640
192
64
0
640
320
3648
640
0
0
64
192
640
256
0
256
448
64
576
640
3008
384
2944
320
640
192
1344
2112
64
576
640
256
0
64
64
0
128
64
704
128
320
64
0
192
3008
128
64
576
0
3712
512
320
192
320
384
896
256
128
192
512
640
640
384
128
448
64
128
192
192
640
640
640
128
704
0
640
3136
576
2432
0
256
256
512
704
320
640
384
192
1728
704
704
256
576
256
512
64
0
704
704
0
512
704
320
0
64
1216
2752
832
192
3712
576
640
512
256
64
0
256
0
256
128
896
704
640
64
576
448
1408
448
1472
64
704
640
704
320
640
256
64
320
64
640
576
192
320
640
192
2432
576
448
3648
640
256
256
384
448
64
512
256
320
2944
384
192
192
0
64
3520
704
320
704
640
320
64
640
192
576
320
3392
1664
256
448
448
1600
576
704
640
1408
320
256
128
384
0
192
1536
320
640
704
640
0
704
64
576
64
320
512
1536
3776
448
512
448
448
448
0
384
320
640
640
640
512
704
3264
384
448
512
128
128
704
1920
320
192
384
384
320
704
256
576
3264
3136
192
576
448
64
64
256
704
640
0
320
576
448
0
192
192
64
256
640
384
704
512
128
320
640
384
192
64
2560
320
576
320
576
3200
0
320
128
128
64
128
0
320
384
448
0
192
640
1728
640
256
0
704
704
320
2880
2112
2688
320
256
512
256
320
512
256
320
64
0
320
192
192
384
512
128
0
0
576
192
448
384
704
640
0
640
1152
640
448
2752
0
256
640
128
576
256
3840
640
320
1152
1152
192
192
640
128
0
640
320
384
640
448
128
128
3840
0
64
3776
576
704
1088
384
704
384
256
128
704
320
3648
64
384
640
704
64
256
512
512
1664
128
512
256
128
256
512
704
448
64
384
576
256
576
320
0
128
0
192
1792
64
384
640
128
384
576
2816
1280
256
384
320
512
64
640
256
384
640
384
704
320
0
2240
448
0
704
256
640
0
3264
256
64
448
512
320
64
320
64
448
512
640
128
320
512
512
64
2624
256
704
896
192
384
64
256
2688
64
640
0
448
320
384
1856
128
192
384
192
320
448
512
2752
192
448
256
128
320
128
3328
512
576
576
128
640
0
384
128
64
384
64
3456
0
256
128
0
448
320
640
448
512
576
704
128
128
2880
0
192
192
192
384
192
512
64
640
640
1280
3200
1856
704
704
0
512
1920
2816
384
1216
640
576
3968
704
704
0
320
192
64
0
704
128
640
704
0
64
0
704
448
448
384
448
1088
256
0
0
512
0
256
576
448
192
192
640
448
192
64
512
2688
128
192
192
576
128
384
704
256
0
256
192
128
384
384
640
192
448
3328
128
2880
448
192
0
0
64
704
576
704
0
3072
384
320
320
128
448
640
0
128
512
128
1536
64
704
384
704
0
512
512
384
64
448
448
256
256
192
576
576
320
320
1536
384
0
64
128
128
512
448
256
576
576
1152
448
704
0
448
512
384
640
384
320
64
64
2432
384
704
128
384
0
0
384
2304
704
64
128
64
256
576
2944
448
448
576
704
640
576
384
512
576
704
320
640
320
384
256
448
192
64
576
384
2240
0
128
0
256
320
640
1472
128
320
192
256
192
256
448
704
512
512
128
1984
2112
256
128
3072
576
576
448
2752
192
640
384
576
1408
2176
64
512
256
64
448
704
2432
256
704
576
256
64
64
128
320
128
1664
384
0
704
704
640
896
704
384
2432
64
704
320
192
0
512
0
448
256
256
704
448
192
320
0
128
1152
256
448
64
256
3712
704
640
64
384
192
576
384
448
576
0
704
448
704
576
960
0
576
448
128
0
2112
320
192
576
640
576
384
320
320
704
128
320
3584
576
256
640
0
3456
192
256
384
256
576
0
576
0
0
256
3200
704
0
384
64
64
256
640
64
640
64
384
576
3072
256
448
576
704
576
640
640
448
640
2048
3456
320
0
704
1536
512
3648
640
1856
448
512
64
384
64
192
576
1856
128
2368
64
320
576
64
128
320
384
320
192
704
320
0
1216
1216
704
64
448
192
0
704
576
3456
1152
1088
64
192
128
128
640
384
512
2944
576
0
448
256
384
384
0
512
128
1472
576
448
640
320
448
384
0
64
576
576
640
512
448
128
1728
384
2624
0
128
0
320
704
256
576
64
704
512
640
3392
704
576
192
448
704
3712
512
192
320
3392
256
0
576
320
320
384
192
384
320
576
512
512
3328
640
384
1856
0
0
640
2816
1600
512
192
576
320
64
704
960
1024
512
256
192
704
2880
0
320
384
128
1408
128
64
3776
640
704
2752
3968
64
128
704
320
0
384
448
0
192
256
704
64
128
192
640
256
128
1920
192
3328
0
0
256
2176
64
640
448
0
704
512
960
192
256
640
64
0
64
320
576
128
576
320
384
448
1856
576
576
2048
128
128
576
2880
512
640
64
640
1536
448
640
704
128
640
640
640
64
384
704
384
448
448
448
512
704
384
512
192
3392
0
448
0
320
704
128
3520
704
320
192
64
192
704
256
1984
320
3520
256
512
0
576
704
576
640
704
2112
3968
448
128
576
576
64
384
384
512
704
2432
256
384
128
640
64
1216
320
64
64
576
256
0
640
448
2176
64
0
0
64
576
1728
512
0
128
64
576
512
512
192
640
640
3072
384
64
192
704
64
128
512
320
320
320
640
64
3968
448
640
576
0
640
1216
2496
704
2624
384
448
64
64
64
704
640
448
64
704
704
192
2688
192
192
1216
320
192
704
128
512
128
384
512
320
0
192
256
512
64
384
320
64
320
64
704
192
2240
64
4032
0
704
192
2816
576
384
320
0
3776
64
320
0
128
2432
128
0
192
64
640
2624
256
256
512
448
448
3840
192
192
0
1472
192
704
1024
128
320
576
192
320
0
576
3136
320
256
384
128
512
128
512
512
448
2432
192
320
512
2624
0
704
384
2752
256
384
576
3712
0
3072
128
384
320
192
512
192
384
256
0
512
128
640
0
192
1728
640
640
128
576
64
448
576
192
64
320
256
704
448
128
0
640
704
896
256
1536
704
128
512
0
256
128
192
1472
576
0
448
1024
320
256
704
512
640
704
704
256
1920
0
128
256
64
128
640
704
384
384
0
384
0
256
448
128
320
704
448
192
0
640
2880
576
256
768
640
640
576
512
512
384
256
256
128
704
0
448
512
3904
128
448
128
512
448
384
64
960
512
960
384
192
704
384
512
128
384
1600
192
320
512
192
448
256
192
0
448
0
640
704
0
320
3584
256
640
576
512
768
704
128
448
256
512
128
576
448
128
512
320
384
512
64
384
3584
3328
128
704
448
384
704
1792
384
320
64
192
128
256
256
128
576
576
128
448
64
448
256
2944
1856
192
2752
64
448
128
512
0
448
192
4032
256
256
640
448
0
576
512
0
448
192
256
3136
640
64
576
192
64
0
0
512
448
192
320
3072
640
0
448
576
128
320
576
576
192
2240
1024
3968
2944
704
448
64
320
512
640
576
256
448
128
320
640
256
320
448
704
576
448
512
448
192
576
0
640
320
128
640
256
448
256
1472
320
256
512
128
256
0
704
64
128
704
0
0
1984
448
0
320
320
512
384
2112
512
256
64
2240
0
640
320
448
2240
512
320
384
192
256
2304
128
640
640
448
64
0
576
256
128
512
3776
640
256
960
128
512
448
576
128
448
1920
320
64
256
128
128
256
640
576
448
2240
320
512
640
704
512
640
384
1600
128
960
640
0
0
0
128
704
512
256
192
192
384
256
448
320
384
576
320
128
832
2752
448
128
704
3136
0
512
256
512
1728
0
576
64
320
64
0
320
384
448
512
384
320
64
512
2048
576
2112
704
384
320
320
384
576
192
192
0
576
320
64
640
2240
704
64
640
448
448
1216
384
448
576
256
576
512
64
2368
3200
0
320
320
704
640
576
3392
3456
0
0
640
960
384
192
448
576
1344
384
2048
384
704
0
192
320
64
128
576
512
64
512
256
192
64
320
576
64
256
384
832
320
960
320
384
512
512
64
0
448
128
0
576
384
128
64
576
2112
640
640
192
128
192
2240
2368
704
128
576
3392
320
640
384
576
256
512
512
1088
0
576
128
448
448
512
256
512
384
0
3072
448
64
192
2624
512
256
576
320
512
576
0
256
256
128
576
1984
64
704
128
640
576
576
2560
320
192
704
384
320
256
256
512
384
512
512
640
384
704
128
64
512
320
320
256
192
704
256
640
512
128
64
64
640
576
704
704
0
256
3968
128
448
128
1408
192
0
0
128
384
640
384
0
64
640
704
512
128
576
384
256
256
256
256
192
64
320
3328
128
384
256
2432
448
1856
256
0
192
576
3776
640
320
64
320
64
256
512
704
64
448
384
704
576
640
576
576
64
576
448
2048
448
448
3968
448
64
3520
704
448
320
704
704
832
64
0
512
0
448
448
320
512
704
128
128
256
512
256
640
192
3328
1280
320
64
384
448
128
384
576
0
3200
576
384
704
448
640
576
640
448
192
512
0
576
256
256
384
576
1792
3328
576
64
448
320
512
64
128
576
448
1408
0
0
640
192
512
64
64
576
320
448
448
384
704
2624
448
320
0
3008
704
128
832
384
640
576
0
256
192
448
2752
640
384
64
384
64
3392
512
256
448
256
256
384
320
64
384
704
64
640
192
320
704
704
576
576
640
448
320
3584
704
512
64
192
1472
640
0
64
320
0
1792
320
320
1984
384
448
256
1088
0
2624
704
0
576
256
0
1280
384
448
320
0
640
384
576
64
640
192
2752
576
640
192
64
1088
512
0
576
256
512
384
576
0
192
256
640
0
640
576
384
704
704
512
448
64
640
64
0
0
704
2880
64
128
192
384
640
384
576
4032
256
256
1536
576
704
0
512
384
2368
448
192
128
192
64
512
320
2432
2304
512
384
128
384
3776
576
2112
192
320
512
640
320
2944
320
640
64
256
3136
576
512
896
192
128
704
2304
256
256
704
704
576
256
704
704
512
384
128
2112
448
640
448
576
576
384
1408
576
0
128
384
576
320
256
704
3456
64
256
256
3968
320
448
128
128
640
640
2496
704
64
1216
640
320
576
2112
704
0
640
256
512
192
576
384
2688
1472
512
960
1600
64
64
192
704
320
576
384
576
320
384
192
704
0
2880
128
0
0
704
512
448
0
704
448
512
576
640
128
384
448
256
128
448
256
640
576
704
640
64
448
448
192
256
64
704
320
384
704
512
256
704
128
64
576
384
2368
448
512
640
704
448
640
576
640
384
1984
640
448
0
256
3456
3264
640
64
320
640
0
128
704
128
3136
3200
448
512
640
640
512
448
128
3968
512
0
256
512
512
3904
256
512
2560
512
448
192
64
64
64
640
640
0
512
256
448
640
2496
192
192
640
3584
384
128
640
448
704
1216
512
640
0
3584
64
320
128
320
2816
128
3584
128
192
320
704
576
64
64
704
2112
640
64
320
192
192
448
576
192
3904
576
704
576
576
384
448
384
512
384
384
320
704
384
3968
192
576
448
704
1920
2240
320
512
1856
576
384
576
640
0
3200
448
128
0
128
2816
384
640
2304
192
128
320
2368
448
512
128
576
128
320
704
512
320
64
256
128
704
576
384
640
640
384
0
640
448
640
64
128
320
0
1216
640
384
448
1088
64
3072
256
384
448
384
64
512
448
640
640
320
512
448
384
576
64
576
0
384
320
640
1344
576
576
0
192
64
448
256
512
192
704
1216
576
0
192
128
0
256
3328
192
256
2880
128
1344
512
704
256
192
192
256
128
704
576
704
384
576
64
256
128
1600
3584
64
576
384
192
704
320
576
192
448
704
2496
3776
576
512
576
64
512
192
640
576
640
576
256
640
704
576
640
64
1536
576
128
512
768
0
2240
960
128
640
256
512
128
256
64
3840
0
0
384
640
384
0
384
0
576
576
448
64
256
640
576
960
1280
640
704
0
512
2176
512
384
704
448
64
384
1600
640
0
192
192
448
256
320
64
640
256
384
512
704
1344
3968
640
384
896
192
256
640
256
128
448
64
320
320
1280
128
3520
128
0
512
64
192
576
640
192
640
448
384
640
384
448
256
704
512
512
832
192
640
2688
0
128
576
320
640
512
512
512
576
640
192
384
128
384
640
1728
192
192
1088
448
192
576
384
256
512
2048
64
2944
384
512
384
3328
640
640
4032
64
64
640
256
448
256
3264
256
256
576
64
256
64
448
64
192
256
3584
320
0
384
512
512
256
640
576
128
448
384
448
384
3520
0
256
320
640
128
576
320
384
448
192
0
320
1728
64
192
64
128
512
384
0
256
192
128
2560
0
576
0
576
448
128
0
512
320
64
832
448
64
0
704
320
512
256
640
448
192
320
640
448
1472
0
640
576
320
320
640
128
1984
1536
512
384
512
384
576
384
64
384
384
512
576
128
320
640
192
64
512
64
704
448
576
64
384
704
320
448
640
128
640
704
0
0
192
320
192
512
256
2176
2048
512
128
704
0
384
640
448
0
64
64
128
640
576
512
448
384
384
2176
256
256
192
704
1664
64
192
384
384
640
0
704
384
320
64
320
64
640
256
128
1984
0
128
576
576
576
384
128
640
256
640
64
0
448
64
640
192
384
256
320
1728
3072
448
2432
64
384
256
384
960
448
640
64
256
2560
192
2816
64
576
576
704
448
256
320
128
192
576
576
384
0
64
320
384
0
704
0
320
2880
256
704
320
512
64
576
64
320
128
128
576
0
704
512
1280
640
576
448
0
384
192
512
0
256
3136
128
64
704
512
384
704
640
192
256
640
0
384
3584
192
256
576
320
704
640
384
1472
64
1856
128
384
0
64
640
320
256
192
640
704
704
576
448
320
448
1408
704
256
512
128
3904
64
704
704
128
64
2624
64
512
512
640
384
3392
640
576
256
320
704
384
448
3264
384
0
448
448
128
640
448
256
128
3776
64
448
3968
256
640
640
0
2880
128
704
576
128
576
320
256
640
192
320
64
64
448
512
256
64
576
320
384
704
64
576
384
512
384
192
128
256
0
2240
2560
576
576
704
320
384
448
256
0
320
448
512
256
576
704
448
512
0
704
1216
384
128
320
576
704
704
64
192
128
0
64
256
384
320
576
192
3904
128
64
256
448
1152
320
640
0
0
64
512
2880
64
576
128
2176
256
512
320
320
1984
0
448
640
384
384
0
384
448
320
192
320
512
256
64
320
0
2240
0
384
128
1408
3200
128
448
448
384
320
3968
576
0
704
640
3328
448
64
320
832
1280
512
512
192
704
256
128
320
256
2368
512
2752
256
0
192
704
1024
256
704
192
0
0
704
128
512
448
0
640
1856
192
3008
704
1984
320
320
0
128
320
192
192
256
64
256
3648
320
576
64
640
0
128
2752
64
384
1216
448
320
384
256
128
320
0
64
64
384
512
3456
704
1152
640
704
64
0
64
0
640
640
192
576
448
512
320
448
640
640
640
384
64
128
192
1920
128
128
0
192
0
448
3200
192
640
64
64
1216
576
320
320
640
64
0
128
384
320
320
0
448
1280
256
192
128
128
1216
512
192
448
320
384
3456
0
128
576
0
64
64
640
320
320
448
256
1024
0
128
128
64
384
640
64
320
704
384
448
128
704
640
1216
2112
640
256
512
64
576
2176
704
128
3200
256
576
3968
512
704
0
64
128
192
448
192
1408
64
448
448
2432
512
64
512
384
576
64
576
192
512
512
192
128
320
576
64
320
256
704
256
128
0
704
640
512
576
704
704
384
256
320
320
256
2368
192
576
448
704
256
384
448
0
448
3840
512
576
128
192
0
320
128
448
640
640
576
704
448
320
320
64
0
0
128
384
384
256
704
128
192
0
128
384
0
320
448
3328
768
512
512
192
640
448
2432
0
512
0
128
1984
512
64
128
2432
192
704
640
704
64
384
256
64
448
128
448
384
64
3648
448
128
0
704
2368
0
2816
64
2368
320
64
576
384
64
64
2688
320
2624
0
640
448
960
128
640
320
512
64
640
576
2496
320
640
384
576
448
128
704
0
704
4032
320
576
704
384
320
256
256
640
512
640
576
512
0
320
384
576
448
256
192
704
0
256
704
640
320
704
192
128
2624
64
128
320
1600
512
704
2944
128
512
512
320
576
448
576
384
0
1920
640
512
64
64
320
128
448
448
0
576
320
384
128
320
320
448
192
576
3968
128
640
256
384
448
0
512
192
448
256
448
0
128
512
1920
704
576
256
640
512
640
0
576
192
704
1024
640
512
448
448
256
576
256
640
0
384
128
512
256
320
576
64
320
128
448
0
384
512
448
384
640
576
192
576
704
640
192
576
640
320
512
640
0
448
0
64
192
512
320
704
320
576
128
64
320
640
384
0
640
448
256
320
576
192
576
704
192
640
192
640
640
704
64
0
320
448
640
384
64
448
0
128
64
704
320
704
320
320
640
2624
640
320
1408
576
640
640
2432
3584
640
0
448
128
448
448
640
320
320
320
2880
384
2432
320
320
192
256
384
0
1024
576
192
128
640
384
448
640
64
704
192
640
64
320
576
2432
576
256
64
448
64
704
384
192
384
128
2432
384
2176
576
128
448
512
64
448
64
256
640
64
4032
3136
448
384
512
512
192
704
192
448
192
384
384
256
384
1408
64
448
128
3456
640
192
4032
192
128
704
64
384
64
64
640
704
640
512
0
640
640
384
512
3840
576
256
192
640
64
768
256
512
0
3456
704
320
448
2944
64
256
512
0
256
704
2880
320
128
2752
0
512
128
1600
512
3456
192
192
64
640
512
192
640
1408
256
2112
192
256
384
1600
640
64
512
192
640
640
256
0
448
448
512
640
1984
128
1536
384
384
448
640
2688
2624
448
64
704
0
384
576
576
256
704
192
576
128
384
384
576
1536
640
448
128
0
384
192
384
576
384
256
64
576
512
448
512
0
64
704
64
3712
256
2432
448
704
64
512
128
384
576
640
384
512
64
320
320
64
640
640
320
2624
704
64
64
0
512
192
320
3584
640
384
3264
192
64
640
0
704
512
448
704
3584
448
3776
3328
384
640
704
0
64
576
192
3328
320
0
384
448
64
576
512
512
64
576
640
64
192
128
3648
640
192
384
448
2624
704
64
2432
64
3904
64
640
448
640
576
1856
3072
384
128
64
1024
640
1152
320
0
576
576
320
448
1152
256
256
192
704
640
448
640
3072
448
384
576
256
448
320
512
640
576
448
128
576
640
2688
448
128
2624
384
512
2240
1664
256
640
576
3200
640
0
192
704
512
256
512
704
3712
448
320
448
640
256
448
256
0
64
640
3648
576
64
320
3968
576
1152
128
320
2688
640
384
384
192
192
3840
704
640
512
128
256
3904
384
320
320
128
704
576
0
128
128
512
192
576
0
64
448
3776
448
384
704
256
2816
704
2368
128
2752
640
448
3200
0
0
320
192
192
512
320
1792
128
704
704
0
832
192
640
2048
192
256
128
256
384
576
704
512
3584
576
448
640
192
512
1280
704
448
448
320
2624
384
64
2240
320
384
0
576
448
192
704
640
0
384
64
64
448
64
3200
128
128
0
384
512
128
128
704
640
640
576
320
64
576
576
256
640
448
128
576
448
896
192
256
320
448
256
64
1408
640
3008
448
2880
384
3264
192
64
640
448
0
640
128
384
320
384
704
192
448
1728
64
1984
512
640
576
576
128
3328
192
128
576
320
2880
128
2368
320
192
448
256
192
640
3200
512
256
256
384
1792
384
2944
64
448
448
3712
576
704
2816
128
320
896
448
384
64
128
704
320
192
2368
704
64
256
640
640
64
512
704
192
256
128
0
1216
3840
448
448
448
704
128
2368
128
384
512
576
0
1088
256
1600
384
576
704
0
448
448
320
64
384
768
1984
640
704
320
64
256
256
384
576
128
128
64
256
2304
512
576
192
2624
192
1664
2560
384
320
704
64
128
704
448
192
704
3904
0
320
256
704
512
1472
512
256
320
640
512
704
384
1344
704
640
256
640
448
2304
448
3392
256
448
192
1024
512
576
704
704
192
384
512
0
1216
192
2496
0
1536
640
384
320
2368
512
128
384
448
512
256
576
256
1984
320
0
256
64
448
576
320
640
640
320
0
640
704
0
448
2560
512
512
640
576
1728
1664
256
640
704
384
256
704
576
448
2112
640
2176
128
320
640
256
384
704
256
256
256
576
0
384
640
128
512
512
576
448
1536
4032
384
128
704
384
192
704
64
576
64
576
512
384
640
2688
704
448
64
64
640
704
128
320
128
512
64
704
576
128
2304
128
384
3648
512
0
64
896
256
4032
192
448
704
384
3328
320
256
576
192
320
576
384
256
64
384
1152
320
0
512
64
640
64
320
2752
384
704
1728
640
512
192
256
0
384
128
512
3840
704
320
128
576
320
448
64
2112
576
192
128
64
832
640
0
128
128
704
576
0
384
0
448
512
0
128
640
512
0
512
320
576
256
256
384
448
64
576
0
320
448
256
192
256
640
1728
256
64
256
384
512
64
704
1600
256
320
128
576
320
1088
640
448
448
832
512
512
256
256
128
704
0
0
64
0
576
512
576
192
1344
0
320
384
64
128
448
2688
256
576
512
128
384
320
192
320
256
640
2304
384
256
128
3392
128
64
576
1728
128
704
512
576
704
64
3136
256
256
256
384
704
448
640
0
192
128
704
384
256
320
64
128
448
384
192
64
128
768
64
0
576
448
320
128
64
0
704
192
192
3840
320
192
704
512
64
0
3456
512
0
384
64
128
256
2688
128
512
448
512
320
3200
448
512
192
576
2048
512
3968
0
0
704
384
448
640
320
128
3776
704
512
576
0
64
320
128
0
2112
320
64
128
576
128
640
64
128
448
192
64
256
704
704
512
1728
384
256
640
640
704
576
3776
640
0
640
128
0
3840
448
0
192
448
3072
256
704
512
384
0
704
192
3520
192
640
128
2752
704
704
256
320
256
0
640
64
448
448
192
512
256
448
0
192
256
896
576
256
704
128
128
960
0
64
704
448
256
64
0
3456
2944
448
448
320
384
448
640
128
640
0
256
576
0
576
512
576
3392
384
64
512
448
704
256
2560
0
128
0
512
192
640
1024
832
512
256
704
128
3328
384
640
448
128
128
0
320
640
512
128
704
576
0
128
576
256
0
256
320
3264
320
448
640
128
704
3264
384
256
576
128
128
576
640
576
512
704
576
1792
704
64
576
640
0
192
384
448
1280
128
704
704
576
3072
704
512
0
640
1600
640
192
128
512
704
64
192
192
3008
1728
704
512
128
512
128
128
576
192
3136
448
256
384
0
384
256
448
64
192
192
192
704
64
128
512
0
384
192
256
704
640
64
2560
704
256
0
576
192
0
1472
192
192
0
384
448
704
128
128
576
256
704
704
0
128
128
576
384
576
2688
128
0
64
192
0
512
384
3648
64
320
256
256
2176
448
0
320
256
0
448
64
576
64
3968
384
0
320
320
448
384
128
128
192
256
704
128
256
448
192
192
512
384
512
704
320
128
64
0
64
576
128
192
640
192
3136
256
448
256
448
256
384
0
3008
192
320
3840
448
448
320
128
640
192
320
3776
704
576
256
448
512
128
576
704
768
256
704
576
64
64
192
320
64
640
192
448
256
448
704
256
320
640
1600
256
576
256
640
256
512
64
448
64
640
128
128
192
1280
448
320
3072
2048
384
512
576
0
192
192
640
576
0
0
64
704
0
640
0
384
448
0
640
1216
256
1600
64
512
448
2240
448
512
640
1472
192
1536
2560
128
448
3584
512
256
512
192
1536
256
640
64
256
384
576
448
320
320
64
512
320
128
320
2176
128
512
256
512
128
640
384
128
192
512
256
384
128
320
3136
576
384
128
704
384
192
256
640
2688
64
576
128
640
640
384
640
256
320
512
448
2368
448
192
4032
448
704
256
384
256
384
128
1728
3712
512
320
64
192
512
576
512
576
640
256
0
512
320
320
640
448
2048
64
64
640
2816
448
64
576
640
384
2880
128
3648
1280
448
256
0
0
64
128
0
704
64
64
704
448
640
512
512
576
64
128
384
640
128
384
576
320
1984
2240
3840
192
448
576
576
384
2688
576
320
64
192
384
576
704
576
512
256
2944
3136
384
192
384
512
64
640
640
256
640
512
576
384
704
128
3776
704
64
192
64
128
128
1792
576
576
128
640
1024
2432
2816
2752
448
640
576
512
640
2368
704
384
384
640
448
576
704
128
320
192
64
512
64
0
384
192
1984
128
192
256
0
704
832
0
3968
128
512
256
128
448
2496
1600
384
256
0
512
128
256
640
256
320
448
0
576
448
576
384
64
448
128
64
64
448
896
192
384
128
256
256
1664
64
704
320
320
2048
384
320
192
192
576
256
64
64
3328
704
576
3392
3648
3776
2752
320
192
320
640
64
576
2240
320
2560
256
64
192
0
640
320
128
640
64
320
576
384
448
576
128
64
128
64
384
704
640
448
512
128
192
64
384
640
704
128
0
448
512
640
320
192
3456
320
3904
0
448
3712
256
2048
320
192
448
3840
2304
704
64
512
3136
128
0
576
128
576
448
192
384
384
704
576
384
64
1536
576
3392
512
3776
64
0
128
256
448
384
320
384
384
640
1152
128
576
512
576
320
192
256
448
128
1856
192
320
576
640
3456
0
576
192
704
2240
256
320
704
448
128
256
448
384
576
2752
512
64
896
704
128
0
448
192
0
128
192
576
448
256
4032
2880
2368
64
384
512
640
320
384
384
128
448
640
2432
704
384
384
192
320
0
640
320
704
640
2432
704
0
1216
1344
64
576
64
128
64
704
320
320
384
0
0
192
192
640
64
128
576
192
384
640
64
0
64
576
320
0
1024
704
256
512
2368
256
448
704
128
704
448
64
576
448
192
576
384
576
64
64
704
1920
3776
0
640
320
2048
256
384
640
192
384
512
256
64
128
704
256
128
0
448
0
64
0
3840
576
832
512
0
0
448
512
704
320
256
640
384
512
256
3456
256
448
128
192
0
448
512
512
3072
384
640
384
0
0
512
640
128
320
192
384
192
640
640
256
320
192
384
128
256
256
0
704
704
704
256
512
640
3520
832
640
704
192
128
3328
512
320
192
576
640
192
640
512
1600
320
64
2816
192
320
64
128
128
640
192
704
448
448
320
64
512
704
128
512
64
2432
0
576
192
64
64
640
320
320
2176
2432
576
640
256
384
1024
0
320
0
2240
384
448
320
1792
0
1408
256
448
448
128
576
2624
704
448
0
128
512
448
128
448
640
0
320
704
704
64
320
576
448
320
256
384
384
128
704
512
576
640
384
256
192
512
320
0
128
640
2240
448
512
448
128
64
640
256
448
704
64
640
384
320
0
384
0
576
704
448
0
704
640
320
512
64
0
320
448
0
0
320
320
64
0
640
128
704
320
64
192
384
448
704
64
704
512
256
448
320
128
3968
512
192
0
192
256
128
256
1920
576
448
320
64
192
448
640
704
64
320
128
192
576
256
3904
320
512
448
640
448
320
0
192
512
640
384
448
0
576
320
64
512
512
192
512
384
0
384
3584
64
448
128
512
384
320
576
1792
0
1152
64
1920
576
448
0
128
512
512
512
3520
256
448
0
448
192
384
320
704
448
576
1344
320
512
1984
256
192
192
704
640
256
192
704
64
512
0
320
192
640
192
3520
576
192
192
384
576
128
320
64
512
0
192
640
64
64
448
2560
2560
192
512
448
128
256
640
3072
0
0
128
64
704
384
512
704
704
2112
512
704
0
448
128
2112
128
896
704
384
0
384
704
0
448
448
128
64
2304
704
1984
512
64
512
384
192
0
64
448
320
0
512
64
448
3520
3456
192
256
896
448
704
2048
64
256
448
320
256
128
128
0
448
64
448
128
256
512
256
640
640
960
192
640
704
448
128
704
128
576
128
256
128
64
384
64
384
192
704
576
128
0
640
448
320
512
320
512
320
704
320
448
256
0
704
384
64
640
320
320
512
320
576
64
640
256
192
512
576
64
640
192
576
128
3328
448
128
64
128
448
960
1600
3520
64
2176
448
320
3328
320
128
576
640
448
448
192
704
768
64
576
512
576
512
3200
640
512
640
576
512
320
704
256
640
576
640
1600
448
3712
640
640
64
320
320
256
384
192
128
64
64
448
704
576
704
192
384
64
448
576
576
0
576
512
704
320
128
704
1856
448
256
320
640
192
384
384
192
704
448
0
640
3968
640
320
192
64
384
512
128
384
128
320
384
768
576
192
512
0
192
2816
320
0
704
640
256
576
3008
192
576
0
192
64
448
512
384
384
0
640
192
384
512
0
64
256
704
64
576
192
0
576
512
64
256
0
512
256
1536
576
704
1152
0
1280
0
384
64
704
0
384
384
192
384
64
704
3072
128
704
512
960
0
448
0
576
256
384
640
0
512
576
256
64
704
64
128
448
2240
192
64
640
192
576
0
128
0
1344
320
4032
576
64
0
704
576
3200
640
64
0
192
576
512
640
640
192
1600
192
640
704
448
2688
512
512
256
384
448
128
0
960
128
1920
576
192
704
0
2944
448
384
704
64
704
320
384
704
64
64
448
320
512
192
704
384
256
704
704
128
192
704
192
704
0
384
256
256
192
256
0
256
128
704
256
128
512
448
256
640
0
3200
576
384
640
64
384
384
448
0
640
192
640
192
3264
